  正在确定要还原的项目…
  已还原 E:\Projects\CSharp\Seeing.Agent\src\Seeing.Agent\Seeing.Agent.csproj (用时 1.77 秒)。
  已还原 E:\Projects\CSharp\Seeing.Agent\samples\Seeing.Agent.Tui\Seeing.Agent.Tui.csproj (用时 1.77 秒)。
  已还原 E:\Projects\CSharp\Seeing.Agent\tests\Seeing.Agent.Tests\Seeing.Agent.Tests.csproj (用时 1.77 秒)。
CSC : warning CS1668: “LIB 环境变量”中指定的搜索路径“C:\Program Files\Microsoft Visual Studio\2022\Professional\VC\Tools\MSVC\14.43.34808\lib\x64”无效 --“目录不存在” [E:\Projects\CSharp\Seeing.Agent\src\Seeing.Agent\Seeing.Agent.csproj]
CSC : warning CS1668: “LIB 环境变量”中指定的搜索路径“C:\Program Files (x86)\Windows Kits\10\Lib\10.0.20348.0\ucrt\x64”无效 --“目录不存在” [E:\Projects\CSharp\Seeing.Agent\src\Seeing.Agent\Seeing.Agent.csproj]
CSC : warning CS1668: “LIB 环境变量”中指定的搜索路径“C:\Program Files (x86)\Windows Kits\10\Lib\10.0.20348.0\um\x64”无效 --“目录不存在” [E:\Projects\CSharp\Seeing.Agent\src\Seeing.Agent\Seeing.Agent.csproj]
E:\Projects\CSharp\Seeing.Agent\src\Seeing.Agent\Llm\ILlmClient.cs(33,10): warning CS8424: 应用于参数 "cancellationToken" 的 EnumeratorCancellationAttribute 将不起任何作用。该属性仅在返回 IAsyncEnumerable 的异步迭代器方法中 CancellationToken 类型的参数上有效 [E:\Projects\CSharp\Seeing.Agent\src\Seeing.Agent\Seeing.Agent.csproj]
E:\Projects\CSharp\Seeing.Agent\src\Seeing.Agent\Core\Models\ToolArguments.cs(71,24): warning CS8600: 将 null 文本或可能的 null 值转换为不可为 null 类型。 [E:\Projects\CSharp\Seeing.Agent\src\Seeing.Agent\Seeing.Agent.csproj]
E:\Projects\CSharp\Seeing.Agent\src\Seeing.Agent\Decorators\RetryToolDecorator.cs(67,73): warning CS8602: 解引用可能出现空引用。 [E:\Projects\CSharp\Seeing.Agent\src\Seeing.Agent\Seeing.Agent.csproj]
E:\Projects\CSharp\Seeing.Agent\src\Seeing.Agent\Middlewares\RetryMiddleware.cs(50,73): warning CS8602: 解引用可能出现空引用。 [E:\Projects\CSharp\Seeing.Agent\src\Seeing.Agent\Seeing.Agent.csproj]
E:\Projects\CSharp\Seeing.Agent\src\Seeing.Agent\Core\Abstractions\AgentBase.cs(138,37): warning CS8601: 可能的 null 引用赋值。 [E:\Projects\CSharp\Seeing.Agent\src\Seeing.Agent\Seeing.Agent.csproj]
E:\Projects\CSharp\Seeing.Agent\src\Seeing.Agent\Llm\Clients\OpenAiClient.cs(178,54): warning CS8601: 可能的 null 引用赋值。 [E:\Projects\CSharp\Seeing.Agent\src\Seeing.Agent\Seeing.Agent.csproj]
E:\Projects\CSharp\Seeing.Agent\src\Seeing.Agent\Llm\Clients\OpenAiClient.cs(184,54): warning CS8601: 可能的 null 引用赋值。 [E:\Projects\CSharp\Seeing.Agent\src\Seeing.Agent\Seeing.Agent.csproj]
E:\Projects\CSharp\Seeing.Agent\src\Seeing.Agent\Llm\Clients\OpenAiClient.cs(190,54): warning CS8601: 可能的 null 引用赋值。 [E:\Projects\CSharp\Seeing.Agent\src\Seeing.Agent\Seeing.Agent.csproj]
E:\Projects\CSharp\Seeing.Agent\src\Seeing.Agent\Llm\Clients\OpenAiClient.cs(233,21): warning CS8602: 解引用可能出现空引用。 [E:\Projects\CSharp\Seeing.Agent\src\Seeing.Agent\Seeing.Agent.csproj]
E:\Projects\CSharp\Seeing.Agent\src\Seeing.Agent\Llm\Clients\OpenAiClient.cs(247,26): warning CS8601: 可能的 null 引用赋值。 [E:\Projects\CSharp\Seeing.Agent\src\Seeing.Agent\Seeing.Agent.csproj]
E:\Projects\CSharp\Seeing.Agent\src\Seeing.Agent\Sessions\SessionManager.cs(136,33): warning CS8601: 可能的 null 引用赋值。 [E:\Projects\CSharp\Seeing.Agent\src\Seeing.Agent\Seeing.Agent.csproj]
E:\Projects\CSharp\Seeing.Agent\src\Seeing.Agent\Tools\BuiltIn\Web\WebSearchTool.cs(102,52): warning CS8601: 可能的 null 引用赋值。 [E:\Projects\CSharp\Seeing.Agent\src\Seeing.Agent\Seeing.Agent.csproj]
E:\Projects\CSharp\Seeing.Agent\src\Seeing.Agent\Tools\BuiltIn\Shell\BashTool.cs(192,17): warning CS0219: 变量“exited”已被赋值，但从未使用过它的值 [E:\Projects\CSharp\Seeing.Agent\src\Seeing.Agent\Seeing.Agent.csproj]
E:\Projects\CSharp\Seeing.Agent\src\Seeing.Agent\Commands\CommandService.cs(73,16): warning CS1591: 缺少对公共可见类型或成员“CommandService.CommandService(ILogger<CommandService>, IHookManager)”的 XML 注释 [E:\Projects\CSharp\Seeing.Agent\src\Seeing.Agent\Seeing.Agent.csproj]
E:\Projects\CSharp\Seeing.Agent\src\Seeing.Agent\Configuration\ConfigReloadService.cs(219,21): warning CS1591: 缺少对公共可见类型或成员“ConfigReloadService.Dispose()”的 XML 注释 [E:\Projects\CSharp\Seeing.Agent\src\Seeing.Agent\Seeing.Agent.csproj]
E:\Projects\CSharp\Seeing.Agent\src\Seeing.Agent\Configuration\IConfigurationPersistence.cs(14,68): warning CS1573: 参数“cancellationToken”在“IConfigurationPersistence.SaveAsync(RuntimeSettings, CancellationToken)”的 XML 注释中没有匹配的 param 标记(但其他参数有) [E:\Projects\CSharp\Seeing.Agent\src\Seeing.Agent\Seeing.Agent.csproj]
E:\Projects\CSharp\Seeing.Agent\src\Seeing.Agent\Core\Abstractions\AgentBase.cs(13,36): warning CS1591: 缺少对公共可见类型或成员“AgentBase._logger”的 XML 注释 [E:\Projects\CSharp\Seeing.Agent\src\Seeing.Agent\Seeing.Agent.csproj]
E:\Projects\CSharp\Seeing.Agent\src\Seeing.Agent\Core\Abstractions\AgentBase.cs(14,42): warning CS1591: 缺少对公共可见类型或成员“AgentBase._hookManager”的 XML 注释 [E:\Projects\CSharp\Seeing.Agent\src\Seeing.Agent\Seeing.Agent.csproj]
E:\Projects\CSharp\Seeing.Agent\src\Seeing.Agent\Core\Abstractions\ToolBase.cs(12,36): warning CS1591: 缺少对公共可见类型或成员“ToolBase._logger”的 XML 注释 [E:\Projects\CSharp\Seeing.Agent\src\Seeing.Agent\Seeing.Agent.csproj]
E:\Projects\CSharp\Seeing.Agent\src\Seeing.Agent\Core\AgentDiscovery.cs(32,16): warning CS1591: 缺少对公共可见类型或成员“AgentDiscovery.AgentDiscovery(ILogger<AgentDiscovery>)”的 XML 注释 [E:\Projects\CSharp\Seeing.Agent\src\Seeing.Agent\Seeing.Agent.csproj]
E:\Projects\CSharp\Seeing.Agent\src\Seeing.Agent\Core\Interfaces\IExtension.cs(11,33): warning CS1591: 缺少对公共可见类型或成员“ExtensionContext.Services”的 XML 注释 [E:\Projects\CSharp\Seeing.Agent\src\Seeing.Agent\Seeing.Agent.csproj]
E:\Projects\CSharp\Seeing.Agent\src\Seeing.Agent\Core\Interfaces\IExtension.cs(12,31): warning CS1591: 缺少对公共可见类型或成员“ExtensionContext.Configuration”的 XML 注释 [E:\Projects\CSharp\Seeing.Agent\src\Seeing.Agent\Seeing.Agent.csproj]
E:\Projects\CSharp\Seeing.Agent\src\Seeing.Agent\Core\Interfaces\IExtension.cs(13,34): warning CS1591: 缺少对公共可见类型或成员“ExtensionContext.HookManager”的 XML 注释 [E:\Projects\CSharp\Seeing.Agent\src\Seeing.Agent\Seeing.Agent.csproj]
E:\Projects\CSharp\Seeing.Agent\src\Seeing.Agent\Core\Interfaces\IExtension.cs(14,34): warning CS1591: 缺少对公共可见类型或成员“ExtensionContext.ToolInvoker”的 XML 注释 [E:\Projects\CSharp\Seeing.Agent\src\Seeing.Agent\Seeing.Agent.csproj]
E:\Projects\CSharp\Seeing.Agent\src\Seeing.Agent\Core\Interfaces\IRuleEvaluator.cs(35,16): warning CS1591: 缺少对公共可见类型或成员“PermissionDecision.PermissionDecision(PermissionAction, string?, PermissionRule?)”的 XML 注释 [E:\Projects\CSharp\Seeing.Agent\src\Seeing.Agent\Seeing.Agent.csproj]
E:\Projects\CSharp\Seeing.Agent\src\Seeing.Agent\Core\Interfaces\IRuleEvaluator.cs(116,9): warning CS1591: 缺少对公共可见类型或成员“ConditionOperator.Equals”的 XML 注释 [E:\Projects\CSharp\Seeing.Agent\src\Seeing.Agent\Seeing.Agent.csproj]
E:\Projects\CSharp\Seeing.Agent\src\Seeing.Agent\Core\Interfaces\IRuleEvaluator.cs(117,9): warning CS1591: 缺少对公共可见类型或成员“ConditionOperator.NotEquals”的 XML 注释 [E:\Projects\CSharp\Seeing.Agent\src\Seeing.Agent\Seeing.Agent.csproj]
E:\Projects\CSharp\Seeing.Agent\src\Seeing.Agent\Core\Interfaces\IRuleEvaluator.cs(118,9): warning CS1591: 缺少对公共可见类型或成员“ConditionOperator.Contains”的 XML 注释 [E:\Projects\CSharp\Seeing.Agent\src\Seeing.Agent\Seeing.Agent.csproj]
E:\Projects\CSharp\Seeing.Agent\src\Seeing.Agent\Core\Interfaces\IRuleEvaluator.cs(119,9): warning CS1591: 缺少对公共可见类型或成员“ConditionOperator.StartsWith”的 XML 注释 [E:\Projects\CSharp\Seeing.Agent\src\Seeing.Agent\Seeing.Agent.csproj]
E:\Projects\CSharp\Seeing.Agent\src\Seeing.Agent\Core\Interfaces\IRuleEvaluator.cs(120,9): warning CS1591: 缺少对公共可见类型或成员“ConditionOperator.EndsWith”的 XML 注释 [E:\Projects\CSharp\Seeing.Agent\src\Seeing.Agent\Seeing.Agent.csproj]
E:\Projects\CSharp\Seeing.Agent\src\Seeing.Agent\Core\Interfaces\IRuleEvaluator.cs(121,9): warning CS1591: 缺少对公共可见类型或成员“ConditionOperator.Matches”的 XML 注释 [E:\Projects\CSharp\Seeing.Agent\src\Seeing.Agent\Seeing.Agent.csproj]
E:\Projects\CSharp\Seeing.Agent\src\Seeing.Agent\Core\Interfaces\ITool.cs(11,23): warning CS1591: 缺少对公共可见类型或成员“ToolContext.SessionId”的 XML 注释 [E:\Projects\CSharp\Seeing.Agent\src\Seeing.Agent\Seeing.Agent.csproj]
E:\Projects\CSharp\Seeing.Agent\src\Seeing.Agent\Core\Interfaces\ITool.cs(12,23): warning CS1591: 缺少对公共可见类型或成员“ToolContext.MessageId”的 XML 注释 [E:\Projects\CSharp\Seeing.Agent\src\Seeing.Agent\Seeing.Agent.csproj]
E:\Projects\CSharp\Seeing.Agent\src\Seeing.Agent\Core\Interfaces\ITool.cs(13,24): warning CS1591: 缺少对公共可见类型或成员“ToolContext.CallId”的 XML 注释 [E:\Projects\CSharp\Seeing.Agent\src\Seeing.Agent\Seeing.Agent.csproj]
E:\Projects\CSharp\Seeing.Agent\src\Seeing.Agent\Core\Interfaces\ITool.cs(14,24): warning CS1591: 缺少对公共可见类型或成员“ToolContext.Agent”的 XML 注释 [E:\Projects\CSharp\Seeing.Agent\src\Seeing.Agent\Seeing.Agent.csproj]
E:\Projects\CSharp\Seeing.Agent\src\Seeing.Agent\Core\Interfaces\ITool.cs(15,34): warning CS1591: 缺少对公共可见类型或成员“ToolContext.CancellationToken”的 XML 注释 [E:\Projects\CSharp\Seeing.Agent\src\Seeing.Agent\Seeing.Agent.csproj]
E:\Projects\CSharp\Seeing.Agent\src\Seeing.Agent\Core\Interfaces\ITool.cs(29,23): warning CS1591: 缺少对公共可见类型或成员“PermissionRequest.Permission”的 XML 注释 [E:\Projects\CSharp\Seeing.Agent\src\Seeing.Agent\Seeing.Agent.csproj]
E:\Projects\CSharp\Seeing.Agent\src\Seeing.Agent\Core\Interfaces\ITool.cs(30,29): warning CS1591: 缺少对公共可见类型或成员“PermissionRequest.Patterns”的 XML 注释 [E:\Projects\CSharp\Seeing.Agent\src\Seeing.Agent\Seeing.Agent.csproj]
E:\Projects\CSharp\Seeing.Agent\src\Seeing.Agent\Core\Interfaces\ITool.cs(31,43): warning CS1591: 缺少对公共可见类型或成员“PermissionRequest.Metadata”的 XML 注释 [E:\Projects\CSharp\Seeing.Agent\src\Seeing.Agent\Seeing.Agent.csproj]
E:\Projects\CSharp\Seeing.Agent\src\Seeing.Agent\Core\Interfaces\ITool.cs(39,21): warning CS1591: 缺少对公共可见类型或成员“ToolResult.Success”的 XML 注释 [E:\Projects\CSharp\Seeing.Agent\src\Seeing.Agent\Seeing.Agent.csproj]
E:\Projects\CSharp\Seeing.Agent\src\Seeing.Agent\Core\Interfaces\ITool.cs(40,23): warning CS1591: 缺少对公共可见类型或成员“ToolResult.Title”的 XML 注释 [E:\Projects\CSharp\Seeing.Agent\src\Seeing.Agent\Seeing.Agent.csproj]
E:\Projects\CSharp\Seeing.Agent\src\Seeing.Agent\Core\Interfaces\ITool.cs(41,23): warning CS1591: 缺少对公共可见类型或成员“ToolResult.Output”的 XML 注释 [E:\Projects\CSharp\Seeing.Agent\src\Seeing.Agent\Seeing.Agent.csproj]
E:\Projects\CSharp\Seeing.Agent\src\Seeing.Agent\Core\Interfaces\ITool.cs(42,43): warning CS1591: 缺少对公共可见类型或成员“ToolResult.Metadata”的 XML 注释 [E:\Projects\CSharp\Seeing.Agent\src\Seeing.Agent\Seeing.Agent.csproj]
E:\Projects\CSharp\Seeing.Agent\src\Seeing.Agent\Core\Interfaces\ITool.cs(43,38): warning CS1591: 缺少对公共可见类型或成员“ToolResult.Attachments”的 XML 注释 [E:\Projects\CSharp\Seeing.Agent\src\Seeing.Agent\Seeing.Agent.csproj]
E:\Projects\CSharp\Seeing.Agent\src\Seeing.Agent\Core\Interfaces\ITool.cs(51,23): warning CS1591: 缺少对公共可见类型或成员“FileAttachment.Name”的 XML 注释 [E:\Projects\CSharp\Seeing.Agent\src\Seeing.Agent\Seeing.Agent.csproj]
E:\Projects\CSharp\Seeing.Agent\src\Seeing.Agent\Core\Interfaces\ITool.cs(52,23): warning CS1591: 缺少对公共可见类型或成员“FileAttachment.Path”的 XML 注释 [E:\Projects\CSharp\Seeing.Agent\src\Seeing.Agent\Seeing.Agent.csproj]
E:\Projects\CSharp\Seeing.Agent\src\Seeing.Agent\Core\Interfaces\ITool.cs(53,23): warning CS1591: 缺少对公共可见类型或成员“FileAttachment.MimeType”的 XML 注释 [E:\Projects\CSharp\Seeing.Agent\src\Seeing.Agent\Seeing.Agent.csproj]
E:\Projects\CSharp\Seeing.Agent\src\Seeing.Agent\Core\Models\ConfigurationModels.cs(47,9): warning CS1591: 缺少对公共可见类型或成员“ModelType.Chat”的 XML 注释 [E:\Projects\CSharp\Seeing.Agent\src\Seeing.Agent\Seeing.Agent.csproj]
E:\Projects\CSharp\Seeing.Agent\src\Seeing.Agent\Core\Models\ConfigurationModels.cs(48,9): warning CS1591: 缺少对公共可见类型或成员“ModelType.Embedding”的 XML 注释 [E:\Projects\CSharp\Seeing.Agent\src\Seeing.Agent\Seeing.Agent.csproj]
E:\Projects\CSharp\Seeing.Agent\src\Seeing.Agent\Core\Models\ConfigurationModels.cs(49,9): warning CS1591: 缺少对公共可见类型或成员“ModelType.Rerank”的 XML 注释 [E:\Projects\CSharp\Seeing.Agent\src\Seeing.Agent\Seeing.Agent.csproj]
E:\Projects\CSharp\Seeing.Agent\src\Seeing.Agent\Core\Models\ConfigurationModels.cs(57,23): warning CS1591: 缺少对公共可见类型或成员“SessionInfo.Id”的 XML 注释 [E:\Projects\CSharp\Seeing.Agent\src\Seeing.Agent\Seeing.Agent.csproj]
E:\Projects\CSharp\Seeing.Agent\src\Seeing.Agent\Core\Models\ConfigurationModels.cs(58,23): warning CS1591: 缺少对公共可见类型或成员“SessionInfo.Title”的 XML 注释 [E:\Projects\CSharp\Seeing.Agent\src\Seeing.Agent\Seeing.Agent.csproj]
E:\Projects\CSharp\Seeing.Agent\src\Seeing.Agent\Core\Models\ConfigurationModels.cs(59,25): warning CS1591: 缺少对公共可见类型或成员“SessionInfo.CreatedAt”的 XML 注释 [E:\Projects\CSharp\Seeing.Agent\src\Seeing.Agent\Seeing.Agent.csproj]
E:\Projects\CSharp\Seeing.Agent\src\Seeing.Agent\Core\Models\ConfigurationModels.cs(60,25): warning CS1591: 缺少对公共可见类型或成员“SessionInfo.UpdatedAt”的 XML 注释 [E:\Projects\CSharp\Seeing.Agent\src\Seeing.Agent\Seeing.Agent.csproj]
E:\Projects\CSharp\Seeing.Agent\src\Seeing.Agent\Core\Models\ConfigurationModels.cs(61,24): warning CS1591: 缺少对公共可见类型或成员“SessionInfo.ParentId”的 XML 注释 [E:\Projects\CSharp\Seeing.Agent\src\Seeing.Agent\Seeing.Agent.csproj]
E:\Projects\CSharp\Seeing.Agent\src\Seeing.Agent\Core\Models\ConfigurationModels.cs(62,34): warning CS1591: 缺少对公共可见类型或成员“SessionInfo.Messages”的 XML 注释 [E:\Projects\CSharp\Seeing.Agent\src\Seeing.Agent\Seeing.Agent.csproj]
E:\Projects\CSharp\Seeing.Agent\src\Seeing.Agent\Core\Models\ConfigurationModels.cs(71,23): warning CS1591: 缺少对公共可见类型或成员“ToolDefinition.Type”的 XML 注释 [E:\Projects\CSharp\Seeing.Agent\src\Seeing.Agent\Seeing.Agent.csproj]
E:\Projects\CSharp\Seeing.Agent\src\Seeing.Agent\Core\Models\ConfigurationModels.cs(74,36): warning CS1591: 缺少对公共可见类型或成员“ToolDefinition.Function”的 XML 注释 [E:\Projects\CSharp\Seeing.Agent\src\Seeing.Agent\Seeing.Agent.csproj]
E:\Projects\CSharp\Seeing.Agent\src\Seeing.Agent\Core\Models\ConfigurationModels.cs(83,23): warning CS1591: 缺少对公共可见类型或成员“FunctionDefinition.Name”的 XML 注释 [E:\Projects\CSharp\Seeing.Agent\src\Seeing.Agent\Seeing.Agent.csproj]
E:\Projects\CSharp\Seeing.Agent\src\Seeing.Agent\Core\Models\ConfigurationModels.cs(86,24): warning CS1591: 缺少对公共可见类型或成员“FunctionDefinition.Description”的 XML 注释 [E:\Projects\CSharp\Seeing.Agent\src\Seeing.Agent\Seeing.Agent.csproj]
E:\Projects\CSharp\Seeing.Agent\src\Seeing.Agent\Core\Models\ConfigurationModels.cs(89,24): warning CS1591: 缺少对公共可见类型或成员“FunctionDefinition.Parameters”的 XML 注释 [E:\Projects\CSharp\Seeing.Agent\src\Seeing.Agent\Seeing.Agent.csproj]
E:\Projects\CSharp\Seeing.Agent\src\Seeing.Agent\Core\Models\ConfigurationModels.cs(98,23): warning CS1591: 缺少对公共可见类型或成员“FunctionToolSchema.Type”的 XML 注释 [E:\Projects\CSharp\Seeing.Agent\src\Seeing.Agent\Seeing.Agent.csproj]
E:\Projects\CSharp\Seeing.Agent\src\Seeing.Agent\Core\Models\ConfigurationModels.cs(101,31): warning CS1591: 缺少对公共可见类型或成员“FunctionToolSchema.Function”的 XML 注释 [E:\Projects\CSharp\Seeing.Agent\src\Seeing.Agent\Seeing.Agent.csproj]
E:\Projects\CSharp\Seeing.Agent\src\Seeing.Agent\Core\Models\ConfigurationModels.cs(110,23): warning CS1591: 缺少对公共可见类型或成员“FunctionSchema.Name”的 XML 注释 [E:\Projects\CSharp\Seeing.Agent\src\Seeing.Agent\Seeing.Agent.csproj]
E:\Projects\CSharp\Seeing.Agent\src\Seeing.Agent\Core\Models\ConfigurationModels.cs(113,23): warning CS1591: 缺少对公共可见类型或成员“FunctionSchema.RealName”的 XML 注释 [E:\Projects\CSharp\Seeing.Agent\src\Seeing.Agent\Seeing.Agent.csproj]
E:\Projects\CSharp\Seeing.Agent\src\Seeing.Agent\Core\Models\ConfigurationModels.cs(116,23): warning CS1591: 缺少对公共可见类型或成员“FunctionSchema.ServerName”的 XML 注释 [E:\Projects\CSharp\Seeing.Agent\src\Seeing.Agent\Seeing.Agent.csproj]
E:\Projects\CSharp\Seeing.Agent\src\Seeing.Agent\Core\Models\ConfigurationModels.cs(119,24): warning CS1591: 缺少对公共可见类型或成员“FunctionSchema.Description”的 XML 注释 [E:\Projects\CSharp\Seeing.Agent\src\Seeing.Agent\Seeing.Agent.csproj]
E:\Projects\CSharp\Seeing.Agent\src\Seeing.Agent\Core\Models\ConfigurationModels.cs(122,46): warning CS1591: 缺少对公共可见类型或成员“FunctionSchema.Parameters”的 XML 注释 [E:\Projects\CSharp\Seeing.Agent\src\Seeing.Agent\Seeing.Agent.csproj]
E:\Projects\CSharp\Seeing.Agent\src\Seeing.Agent\Core\Models\ToolArguments.cs(136,32): warning CS1591: 缺少对公共可见类型或成员“ToolArguments.ToString()”的 XML 注释 [E:\Projects\CSharp\Seeing.Agent\src\Seeing.Agent\Seeing.Agent.csproj]
E:\Projects\CSharp\Seeing.Agent\src\Seeing.Agent\Core\Models\ToolArguments.cs(153,16): warning CS1591: 缺少对公共可见类型或成员“ToolParameterMissingException.ToolParameterMissingException(string, Type)”的 XML 注释 [E:\Projects\CSharp\Seeing.Agent\src\Seeing.Agent\Seeing.Agent.csproj]
E:\Projects\CSharp\Seeing.Agent\src\Seeing.Agent\Hooks\HookManager.cs(15,16): warning CS1591: 缺少对公共可见类型或成员“HookManager.HookManager(ILogger<HookManager>)”的 XML 注释 [E:\Projects\CSharp\Seeing.Agent\src\Seeing.Agent\Seeing.Agent.csproj]
E:\Projects\CSharp\Seeing.Agent\src\Seeing.Agent\Llm\ChatContentPart.cs(11,25): warning CS1591: 缺少对公共可见类型或成员“ChatContentPart.KindText”的 XML 注释 [E:\Projects\CSharp\Seeing.Agent\src\Seeing.Agent\Seeing.Agent.csproj]
E:\Projects\CSharp\Seeing.Agent\src\Seeing.Agent\Llm\ChatContentPart.cs(12,25): warning CS1591: 缺少对公共可见类型或成员“ChatContentPart.KindImage”的 XML 注释 [E:\Projects\CSharp\Seeing.Agent\src\Seeing.Agent\Seeing.Agent.csproj]
E:\Projects\CSharp\Seeing.Agent\src\Seeing.Agent\Llm\ChatContentPart.cs(17,25): warning CS1591: 缺少对公共可见类型或成员“ChatContentPart.KindInputAudio”的 XML 注释 [E:\Projects\CSharp\Seeing.Agent\src\Seeing.Agent\Seeing.Agent.csproj]
E:\Projects\CSharp\Seeing.Agent\src\Seeing.Agent\Llm\ChatContentPart.cs(51,35): warning CS1591: 缺少对公共可见类型或成员“ChatContentPart.CreateText(string)”的 XML 注释 [E:\Projects\CSharp\Seeing.Agent\src\Seeing.Agent\Seeing.Agent.csproj]
E:\Projects\CSharp\Seeing.Agent\src\Seeing.Agent\Llm\ChatContentPart.cs(54,35): warning CS1591: 缺少对公共可见类型或成员“ChatContentPart.CreateImageFromUrl(string, string?)”的 XML 注释 [E:\Projects\CSharp\Seeing.Agent\src\Seeing.Agent\Seeing.Agent.csproj]
E:\Projects\CSharp\Seeing.Agent\src\Seeing.Agent\Llm\ChatContentPart.cs(57,35): warning CS1591: 缺少对公共可见类型或成员“ChatContentPart.CreateImageFromBase64(string, string, string?)”的 XML 注释 [E:\Projects\CSharp\Seeing.Agent\src\Seeing.Agent\Seeing.Agent.csproj]
E:\Projects\CSharp\Seeing.Agent\src\Seeing.Agent\Llm\ChatContentPart.cs(60,35): warning CS1591: 缺少对公共可见类型或成员“ChatContentPart.CreateFileFromBase64(string, string, string?)”的 XML 注释 [E:\Projects\CSharp\Seeing.Agent\src\Seeing.Agent\Seeing.Agent.csproj]
E:\Projects\CSharp\Seeing.Agent\src\Seeing.Agent\Llm\ChatContentPart.cs(63,35): warning CS1591: 缺少对公共可见类型或成员“ChatContentPart.CreateFileFromProviderId(string)”的 XML 注释 [E:\Projects\CSharp\Seeing.Agent\src\Seeing.Agent\Seeing.Agent.csproj]
E:\Projects\CSharp\Seeing.Agent\src\Seeing.Agent\Llm\ChatContentPart.cs(66,35): warning CS1591: 缺少对公共可见类型或成员“ChatContentPart.CreateInputAudioFromBase64(string, string)”的 XML 注释 [E:\Projects\CSharp\Seeing.Agent\src\Seeing.Agent\Seeing.Agent.csproj]
E:\Projects\CSharp\Seeing.Agent\src\Seeing.Agent\Llm\Clients\OpenAiClient.cs(21,5): warning CS1591: 缺少对公共可见类型或成员“LlmErrorType.NetworkError”的 XML 注释 [E:\Projects\CSharp\Seeing.Agent\src\Seeing.Agent\Seeing.Agent.csproj]
E:\Projects\CSharp\Seeing.Agent\src\Seeing.Agent\Llm\Clients\OpenAiClient.cs(22,5): warning CS1591: 缺少对公共可见类型或成员“LlmErrorType.AuthenticationError”的 XML 注释 [E:\Projects\CSharp\Seeing.Agent\src\Seeing.Agent\Seeing.Agent.csproj]
E:\Projects\CSharp\Seeing.Agent\src\Seeing.Agent\Llm\Clients\OpenAiClient.cs(23,5): warning CS1591: 缺少对公共可见类型或成员“LlmErrorType.RateLimitError”的 XML 注释 [E:\Projects\CSharp\Seeing.Agent\src\Seeing.Agent\Seeing.Agent.csproj]
E:\Projects\CSharp\Seeing.Agent\src\Seeing.Agent\Llm\Clients\OpenAiClient.cs(24,5): warning CS1591: 缺少对公共可见类型或成员“LlmErrorType.ServerError”的 XML 注释 [E:\Projects\CSharp\Seeing.Agent\src\Seeing.Agent\Seeing.Agent.csproj]
E:\Projects\CSharp\Seeing.Agent\src\Seeing.Agent\Llm\Clients\OpenAiClient.cs(25,5): warning CS1591: 缺少对公共可见类型或成员“LlmErrorType.BadRequestError”的 XML 注释 [E:\Projects\CSharp\Seeing.Agent\src\Seeing.Agent\Seeing.Agent.csproj]
E:\Projects\CSharp\Seeing.Agent\src\Seeing.Agent\Llm\Clients\OpenAiClient.cs(26,5): warning CS1591: 缺少对公共可见类型或成员“LlmErrorType.ModelNotFoundError”的 XML 注释 [E:\Projects\CSharp\Seeing.Agent\src\Seeing.Agent\Seeing.Agent.csproj]
E:\Projects\CSharp\Seeing.Agent\src\Seeing.Agent\Llm\Clients\OpenAiClient.cs(27,5): warning CS1591: 缺少对公共可见类型或成员“LlmErrorType.ContextLengthError”的 XML 注释 [E:\Projects\CSharp\Seeing.Agent\src\Seeing.Agent\Seeing.Agent.csproj]
E:\Projects\CSharp\Seeing.Agent\src\Seeing.Agent\Llm\Clients\OpenAiClient.cs(28,5): warning CS1591: 缺少对公共可见类型或成员“LlmErrorType.StreamParseError”的 XML 注释 [E:\Projects\CSharp\Seeing.Agent\src\Seeing.Agent\Seeing.Agent.csproj]
E:\Projects\CSharp\Seeing.Agent\src\Seeing.Agent\Llm\Clients\OpenAiClient.cs(29,5): warning CS1591: 缺少对公共可见类型或成员“LlmErrorType.UnknownError”的 XML 注释 [E:\Projects\CSharp\Seeing.Agent\src\Seeing.Agent\Seeing.Agent.csproj]
E:\Projects\CSharp\Seeing.Agent\src\Seeing.Agent\Llm\Clients\OpenAiClient.cs(37,25): warning CS1591: 缺少对公共可见类型或成员“LlmException.ErrorType”的 XML 注释 [E:\Projects\CSharp\Seeing.Agent\src\Seeing.Agent\Seeing.Agent.csproj]
E:\Projects\CSharp\Seeing.Agent\src\Seeing.Agent\Llm\Clients\OpenAiClient.cs(38,17): warning CS1591: 缺少对公共可见类型或成员“LlmException.StatusCode”的 XML 注释 [E:\Projects\CSharp\Seeing.Agent\src\Seeing.Agent\Seeing.Agent.csproj]
E:\Projects\CSharp\Seeing.Agent\src\Seeing.Agent\Llm\Clients\OpenAiClient.cs(39,20): warning CS1591: 缺少对公共可见类型或成员“LlmException.ResponseContent”的 XML 注释 [E:\Projects\CSharp\Seeing.Agent\src\Seeing.Agent\Seeing.Agent.csproj]
E:\Projects\CSharp\Seeing.Agent\src\Seeing.Agent\Llm\Clients\OpenAiClient.cs(40,20): warning CS1591: 缺少对公共可见类型或成员“LlmException.ProviderId”的 XML 注释 [E:\Projects\CSharp\Seeing.Agent\src\Seeing.Agent\Seeing.Agent.csproj]
E:\Projects\CSharp\Seeing.Agent\src\Seeing.Agent\Llm\Clients\OpenAiClient.cs(41,20): warning CS1591: 缺少对公共可见类型或成员“LlmException.ModelId”的 XML 注释 [E:\Projects\CSharp\Seeing.Agent\src\Seeing.Agent\Seeing.Agent.csproj]
E:\Projects\CSharp\Seeing.Agent\src\Seeing.Agent\Llm\Clients\OpenAiClient.cs(43,12): warning CS1591: 缺少对公共可见类型或成员“LlmException.LlmException(string, LlmErrorType, int?, string?, string?, string?)”的 XML 注释 [E:\Projects\CSharp\Seeing.Agent\src\Seeing.Agent\Seeing.Agent.csproj]
E:\Projects\CSharp\Seeing.Agent\src\Seeing.Agent\Llm\Clients\OpenAiClient.cs(59,12): warning CS1591: 缺少对公共可见类型或成员“LlmException.LlmException(string, Exception, LlmErrorType, string?, string?)”的 XML 注释 [E:\Projects\CSharp\Seeing.Agent\src\Seeing.Agent\Seeing.Agent.csproj]
E:\Projects\CSharp\Seeing.Agent\src\Seeing.Agent\Llm\Clients\OpenAiClient.cs(72,32): warning CS1591: 缺少对公共可见类型或成员“LlmException.InferErrorType(int)”的 XML 注释 [E:\Projects\CSharp\Seeing.Agent\src\Seeing.Agent\Seeing.Agent.csproj]
E:\Projects\CSharp\Seeing.Agent\src\Seeing.Agent\Llm\Clients\OpenAiClient.cs(94,19): warning CS1591: 缺少对公共可见类型或成员“OpenAiClient.ProviderId”的 XML 注释 [E:\Projects\CSharp\Seeing.Agent\src\Seeing.Agent\Seeing.Agent.csproj]
E:\Projects\CSharp\Seeing.Agent\src\Seeing.Agent\Llm\Clients\OpenAiClient.cs(95,25): warning CS1591: 缺少对公共可见类型或成员“OpenAiClient.ProviderType”的 XML 注释 [E:\Projects\CSharp\Seeing.Agent\src\Seeing.Agent\Seeing.Agent.csproj]
E:\Projects\CSharp\Seeing.Agent\src\Seeing.Agent\Llm\Clients\OpenAiClient.cs(97,12): warning CS1591: 缺少对公共可见类型或成员“OpenAiClient.OpenAiClient(ProviderConfig, ILogger)”的 XML 注释 [E:\Projects\CSharp\Seeing.Agent\src\Seeing.Agent\Seeing.Agent.csproj]
E:\Projects\CSharp\Seeing.Agent\src\Seeing.Agent\Llm\Clients\OpenAiClient.cs(116,37): warning CS1591: 缺少对公共可见类型或成员“OpenAiClient.CompleteAsync(ChatRequest, CancellationToken)”的 XML 注释 [E:\Projects\CSharp\Seeing.Agent\src\Seeing.Agent\Seeing.Agent.csproj]
E:\Projects\CSharp\Seeing.Agent\src\Seeing.Agent\Llm\Clients\OpenAiClient.cs(144,49): warning CS1591: 缺少对公共可见类型或成员“OpenAiClient.CompleteStreamAsync(ChatRequest, CancellationToken)”的 XML 注释 [E:\Projects\CSharp\Seeing.Agent\src\Seeing.Agent\Seeing.Agent.csproj]
E:\Projects\CSharp\Seeing.Agent\src\Seeing.Agent\Llm\Clients\OpenAiClient.cs(273,29): warning CS1591: 缺少对公共可见类型或成员“OpenAiClient.TestConnectionAsync(CancellationToken)”的 XML 注释 [E:\Projects\CSharp\Seeing.Agent\src\Seeing.Agent\Seeing.Agent.csproj]
E:\Projects\CSharp\Seeing.Agent\src\Seeing.Agent\Llm\LlmModels.cs(11,25): warning CS1591: 缺少对公共可见类型或成员“ChatRole.System”的 XML 注释 [E:\Projects\CSharp\Seeing.Agent\src\Seeing.Agent\Seeing.Agent.csproj]
E:\Projects\CSharp\Seeing.Agent\src\Seeing.Agent\Llm\LlmModels.cs(12,25): warning CS1591: 缺少对公共可见类型或成员“ChatRole.User”的 XML 注释 [E:\Projects\CSharp\Seeing.Agent\src\Seeing.Agent\Seeing.Agent.csproj]
E:\Projects\CSharp\Seeing.Agent\src\Seeing.Agent\Llm\LlmModels.cs(13,25): warning CS1591: 缺少对公共可见类型或成员“ChatRole.Assistant”的 XML 注释 [E:\Projects\CSharp\Seeing.Agent\src\Seeing.Agent\Seeing.Agent.csproj]
E:\Projects\CSharp\Seeing.Agent\src\Seeing.Agent\Llm\LlmModels.cs(14,25): warning CS1591: 缺少对公共可见类型或成员“ChatRole.Tool”的 XML 注释 [E:\Projects\CSharp\Seeing.Agent\src\Seeing.Agent\Seeing.Agent.csproj]
E:\Projects\CSharp\Seeing.Agent\src\Seeing.Agent\Llm\LlmModels.cs(64,28): warning CS1591: 缺少对公共可见类型或成员“ChatMessage.ToString()”的 XML 注释 [E:\Projects\CSharp\Seeing.Agent\src\Seeing.Agent\Seeing.Agent.csproj]
E:\Projects\CSharp\Seeing.Agent\src\Seeing.Agent\Llm\ModelConfig.cs(45,25): warning CS1591: 缺少对公共可见类型或成员“ModelModalities.Input”的 XML 注释 [E:\Projects\CSharp\Seeing.Agent\src\Seeing.Agent\Seeing.Agent.csproj]
E:\Projects\CSharp\Seeing.Agent\src\Seeing.Agent\Llm\ModelConfig.cs(48,25): warning CS1591: 缺少对公共可见类型或成员“ModelModalities.Output”的 XML 注释 [E:\Projects\CSharp\Seeing.Agent\src\Seeing.Agent\Seeing.Agent.csproj]
E:\Projects\CSharp\Seeing.Agent\src\Seeing.Agent\Llm\ModelConfig.cs(57,29): warning CS1591: 缺少对公共可见类型或成员“ModelOptions.Thinking”的 XML 注释 [E:\Projects\CSharp\Seeing.Agent\src\Seeing.Agent\Seeing.Agent.csproj]
E:\Projects\CSharp\Seeing.Agent\src\Seeing.Agent\Llm\ModelConfig.cs(70,17): warning CS1591: 缺少对公共可见类型或成员“ThinkingOptions.BudgetTokens”的 XML 注释 [E:\Projects\CSharp\Seeing.Agent\src\Seeing.Agent\Seeing.Agent.csproj]
E:\Projects\CSharp\Seeing.Agent\src\Seeing.Agent\Llm\ModelConfig.cs(79,16): warning CS1591: 缺少对公共可见类型或成员“ModelLimits.Context”的 XML 注释 [E:\Projects\CSharp\Seeing.Agent\src\Seeing.Agent\Seeing.Agent.csproj]
E:\Projects\CSharp\Seeing.Agent\src\Seeing.Agent\Llm\ModelConfig.cs(82,16): warning CS1591: 缺少对公共可见类型或成员“ModelLimits.Output”的 XML 注释 [E:\Projects\CSharp\Seeing.Agent\src\Seeing.Agent\Seeing.Agent.csproj]
E:\Projects\CSharp\Seeing.Agent\src\Seeing.Agent\Llm\ModelConfig.cs(91,19): warning CS1591: 缺少对公共可见类型或成员“ModelPricing.Input”的 XML 注释 [E:\Projects\CSharp\Seeing.Agent\src\Seeing.Agent\Seeing.Agent.csproj]
E:\Projects\CSharp\Seeing.Agent\src\Seeing.Agent\Llm\ModelConfig.cs(94,19): warning CS1591: 缺少对公共可见类型或成员“ModelPricing.Output”的 XML 注释 [E:\Projects\CSharp\Seeing.Agent\src\Seeing.Agent\Seeing.Agent.csproj]
E:\Projects\CSharp\Seeing.Agent\src\Seeing.Agent\Llm\ModelConfig.cs(97,20): warning CS1591: 缺少对公共可见类型或成员“ModelPricing.CacheRead”的 XML 注释 [E:\Projects\CSharp\Seeing.Agent\src\Seeing.Agent\Seeing.Agent.csproj]
E:\Projects\CSharp\Seeing.Agent\src\Seeing.Agent\Llm\ModelConfig.cs(100,20): warning CS1591: 缺少对公共可见类型或成员“ModelPricing.CacheWrite”的 XML 注释 [E:\Projects\CSharp\Seeing.Agent\src\Seeing.Agent\Seeing.Agent.csproj]
E:\Projects\CSharp\Seeing.Agent\src\Seeing.Agent\MCP\McpClientManager.cs(214,14): warning CS1591: 缺少对公共可见类型或成员“IMcpClientWrapper.ConnectAsync(CancellationToken)”的 XML 注释 [E:\Projects\CSharp\Seeing.Agent\src\Seeing.Agent\Seeing.Agent.csproj]
E:\Projects\CSharp\Seeing.Agent\src\Seeing.Agent\MCP\McpClientManager.cs(215,14): warning CS1591: 缺少对公共可见类型或成员“IMcpClientWrapper.DisconnectAsync()”的 XML 注释 [E:\Projects\CSharp\Seeing.Agent\src\Seeing.Agent\Seeing.Agent.csproj]
E:\Projects\CSharp\Seeing.Agent\src\Seeing.Agent\MCP\McpClientManager.cs(216,42): warning CS1591: 缺少对公共可见类型或成员“IMcpClientWrapper.ListToolsAsync(CancellationToken)”的 XML 注释 [E:\Projects\CSharp\Seeing.Agent\src\Seeing.Agent\Seeing.Agent.csproj]
E:\Projects\CSharp\Seeing.Agent\src\Seeing.Agent\MCP\McpClientManager.cs(217,29): warning CS1591: 缺少对公共可见类型或成员“IMcpClientWrapper.CallToolAsync(string, Dictionary<string, object?>, CancellationToken)”的 XML 注释 [E:\Projects\CSharp\Seeing.Agent\src\Seeing.Agent\Seeing.Agent.csproj]
E:\Projects\CSharp\Seeing.Agent\src\Seeing.Agent\MCP\McpClientManager.cs(225,23): warning CS1591: 缺少对公共可见类型或成员“McpToolInfo.Name”的 XML 注释 [E:\Projects\CSharp\Seeing.Agent\src\Seeing.Agent\Seeing.Agent.csproj]
E:\Projects\CSharp\Seeing.Agent\src\Seeing.Agent\MCP\McpClientManager.cs(226,24): warning CS1591: 缺少对公共可见类型或成员“McpToolInfo.Description”的 XML 注释 [E:\Projects\CSharp\Seeing.Agent\src\Seeing.Agent\Seeing.Agent.csproj]
E:\Projects\CSharp\Seeing.Agent\src\Seeing.Agent\MCP\McpClientManager.cs(227,28): warning CS1591: 缺少对公共可见类型或成员“McpToolInfo.ParametersSchema”的 XML 注释 [E:\Projects\CSharp\Seeing.Agent\src\Seeing.Agent\Seeing.Agent.csproj]
E:\Projects\CSharp\Seeing.Agent\src\Seeing.Agent\MCP\McpClientManager.cs(240,16): warning CS1591: 缺少对公共可见类型或成员“StdioMcpClientWrapper.StdioMcpClientWrapper(McpServerConfig, ILogger)”的 XML 注释 [E:\Projects\CSharp\Seeing.Agent\src\Seeing.Agent\Seeing.Agent.csproj]
E:\Projects\CSharp\Seeing.Agent\src\Seeing.Agent\MCP\McpClientManager.cs(246,27): warning CS1591: 缺少对公共可见类型或成员“StdioMcpClientWrapper.ConnectAsync(CancellationToken)”的 XML 注释 [E:\Projects\CSharp\Seeing.Agent\src\Seeing.Agent\Seeing.Agent.csproj]
E:\Projects\CSharp\Seeing.Agent\src\Seeing.Agent\MCP\McpClientManager.cs(289,27): warning CS1591: 缺少对公共可见类型或成员“StdioMcpClientWrapper.DisconnectAsync()”的 XML 注释 [E:\Projects\CSharp\Seeing.Agent\src\Seeing.Agent\Seeing.Agent.csproj]
E:\Projects\CSharp\Seeing.Agent\src\Seeing.Agent\MCP\McpClientManager.cs(310,55): warning CS1591: 缺少对公共可见类型或成员“StdioMcpClientWrapper.ListToolsAsync(CancellationToken)”的 XML 注释 [E:\Projects\CSharp\Seeing.Agent\src\Seeing.Agent\Seeing.Agent.csproj]
E:\Projects\CSharp\Seeing.Agent\src\Seeing.Agent\MCP\McpClientManager.cs(346,42): warning CS1591: 缺少对公共可见类型或成员“StdioMcpClientWrapper.CallToolAsync(string, Dictionary<string, object?>, CancellationToken)”的 XML 注释 [E:\Projects\CSharp\Seeing.Agent\src\Seeing.Agent\Seeing.Agent.csproj]
E:\Projects\CSharp\Seeing.Agent\src\Seeing.Agent\MCP\McpClientManager.cs(424,16): warning CS1591: 缺少对公共可见类型或成员“HttpMcpClientWrapper.HttpMcpClientWrapper(McpServerConfig, IHttpClientFactory, ILogger, HttpTransportMode)”的 XML 注释 [E:\Projects\CSharp\Seeing.Agent\src\Seeing.Agent\Seeing.Agent.csproj]
E:\Projects\CSharp\Seeing.Agent\src\Seeing.Agent\MCP\McpClientManager.cs(436,27): warning CS1591: 缺少对公共可见类型或成员“HttpMcpClientWrapper.ConnectAsync(CancellationToken)”的 XML 注释 [E:\Projects\CSharp\Seeing.Agent\src\Seeing.Agent\Seeing.Agent.csproj]
E:\Projects\CSharp\Seeing.Agent\src\Seeing.Agent\MCP\McpClientManager.cs(472,27): warning CS1591: 缺少对公共可见类型或成员“HttpMcpClientWrapper.DisconnectAsync()”的 XML 注释 [E:\Projects\CSharp\Seeing.Agent\src\Seeing.Agent\Seeing.Agent.csproj]
E:\Projects\CSharp\Seeing.Agent\src\Seeing.Agent\MCP\McpClientManager.cs(493,55): warning CS1591: 缺少对公共可见类型或成员“HttpMcpClientWrapper.ListToolsAsync(CancellationToken)”的 XML 注释 [E:\Projects\CSharp\Seeing.Agent\src\Seeing.Agent\Seeing.Agent.csproj]
E:\Projects\CSharp\Seeing.Agent\src\Seeing.Agent\MCP\McpClientManager.cs(526,42): warning CS1591: 缺少对公共可见类型或成员“HttpMcpClientWrapper.CallToolAsync(string, Dictionary<string, object?>, CancellationToken)”的 XML 注释 [E:\Projects\CSharp\Seeing.Agent\src\Seeing.Agent\Seeing.Agent.csproj]
E:\Projects\CSharp\Seeing.Agent\src\Seeing.Agent\MCP\McpTool.cs(122,23): warning CS1591: 缺少对公共可见类型或成员“McpTool.Id”的 XML 注释 [E:\Projects\CSharp\Seeing.Agent\src\Seeing.Agent\Seeing.Agent.csproj]
E:\Projects\CSharp\Seeing.Agent\src\Seeing.Agent\MCP\McpTool.cs(123,23): warning CS1591: 缺少对公共可见类型或成员“McpTool.Description”的 XML 注释 [E:\Projects\CSharp\Seeing.Agent\src\Seeing.Agent\Seeing.Agent.csproj]
E:\Projects\CSharp\Seeing.Agent\src\Seeing.Agent\MCP\McpTool.cs(124,28): warning CS1591: 缺少对公共可见类型或成员“McpTool.ParametersSchema”的 XML 注释 [E:\Projects\CSharp\Seeing.Agent\src\Seeing.Agent\Seeing.Agent.csproj]
E:\Projects\CSharp\Seeing.Agent\src\Seeing.Agent\MCP\McpTool.cs(126,16): warning CS1591: 缺少对公共可见类型或成员“McpTool.McpTool(string, string, string, JsonElement, Func<string, Dictionary<string, object?>, Task<McpToolResult>>)”的 XML 注释 [E:\Projects\CSharp\Seeing.Agent\src\Seeing.Agent\Seeing.Agent.csproj]
E:\Projects\CSharp\Seeing.Agent\src\Seeing.Agent\MCP\McpTool.cs(140,39): warning CS1591: 缺少对公共可见类型或成员“McpTool.ExecuteAsync(JsonElement, ToolContext)”的 XML 注释 [E:\Projects\CSharp\Seeing.Agent\src\Seeing.Agent\Seeing.Agent.csproj]
E:\Projects\CSharp\Seeing.Agent\src\Seeing.Agent\Middlewares\PermissionMiddleware.cs(95,16): warning CS1591: 缺少对公共可见类型或成员“PermissionDeniedException.PermissionDeniedException(string, string?)”的 XML 注释 [E:\Projects\CSharp\Seeing.Agent\src\Seeing.Agent\Seeing.Agent.csproj]
E:\Projects\CSharp\Seeing.Agent\src\Seeing.Agent\Middlewares\RetryMiddleware.cs(94,16): warning CS1591: 缺少对公共可见类型或成员“MaxRetriesExceededException.MaxRetriesExceededException(int, Exception)”的 XML 注释 [E:\Projects\CSharp\Seeing.Agent\src\Seeing.Agent\Seeing.Agent.csproj]
E:\Projects\CSharp\Seeing.Agent\src\Seeing.Agent\Sessions\SessionManager.cs(106,16): warning CS1591: 缺少对公共可见类型或成员“SessionManager.SessionManager(ILogger<SessionManager>, IHookManager)”的 XML 注释 [E:\Projects\CSharp\Seeing.Agent\src\Seeing.Agent\Seeing.Agent.csproj]
E:\Projects\CSharp\Seeing.Agent\src\Seeing.Agent\Shell\ShellEnvironmentService.cs(35,16): warning CS1591: 缺少对公共可见类型或成员“ShellEnvironmentService.ShellEnvironmentService(ILogger<ShellEnvironmentService>, IHookManager)”的 XML 注释 [E:\Projects\CSharp\Seeing.Agent\src\Seeing.Agent\Seeing.Agent.csproj]
E:\Projects\CSharp\Seeing.Agent\src\Seeing.Agent\Skills\SkillManager.cs(35,16): warning CS1591: 缺少对公共可见类型或成员“SkillManager.SkillManager(ILogger<SkillManager>)”的 XML 注释 [E:\Projects\CSharp\Seeing.Agent\src\Seeing.Agent\Seeing.Agent.csproj]
E:\Projects\CSharp\Seeing.Agent\src\Seeing.Agent\Tools\Attributes\ToolAttributes.cs(15,16): warning CS1591: 缺少对公共可见类型或成员“ToolAttribute.ToolAttribute(string)”的 XML 注释 [E:\Projects\CSharp\Seeing.Agent\src\Seeing.Agent\Seeing.Agent.csproj]
E:\Projects\CSharp\Seeing.Agent\src\Seeing.Agent\Tools\Attributes\ToolAttributes.cs(30,16): warning CS1591: 缺少对公共可见类型或成员“ToolParamAttribute.ToolParamAttribute(string)”的 XML 注释 [E:\Projects\CSharp\Seeing.Agent\src\Seeing.Agent\Seeing.Agent.csproj]
E:\Projects\CSharp\Seeing.Agent\src\Seeing.Agent\Tools\Attributes\ToolAttributes.cs(53,16): warning CS1591: 缺少对公共可见类型或成员“ToolParamTypeAttribute.ToolParamTypeAttribute(string)”的 XML 注释 [E:\Projects\CSharp\Seeing.Agent\src\Seeing.Agent\Seeing.Agent.csproj]
E:\Projects\CSharp\Seeing.Agent\src\Seeing.Agent\Tools\BuiltIn\BuiltInToolBase.cs(13,35): warning CS1591: 缺少对公共可见类型或成员“BuiltInToolBase._workingDirectory”的 XML 注释 [E:\Projects\CSharp\Seeing.Agent\src\Seeing.Agent\Seeing.Agent.csproj]
E:\Projects\CSharp\Seeing.Agent\src\Seeing.Agent\Tools\BuiltIn\BuiltInToolBase.cs(15,19): warning CS1591: 缺少对公共可见类型或成员“BuiltInToolBase.BuiltInToolBase(ILogger, string?)”的 XML 注释 [E:\Projects\CSharp\Seeing.Agent\src\Seeing.Agent\Seeing.Agent.csproj]
E:\Projects\CSharp\Seeing.Agent\src\Seeing.Agent\Tools\BuiltIn\FileSystem\EditTool.cs(29,32): warning CS1591: 缺少对公共可见类型或成员“EditTool.Id”的 XML 注释 [E:\Projects\CSharp\Seeing.Agent\src\Seeing.Agent\Seeing.Agent.csproj]
E:\Projects\CSharp\Seeing.Agent\src\Seeing.Agent\Tools\BuiltIn\FileSystem\EditTool.cs(31,32): warning CS1591: 缺少对公共可见类型或成员“EditTool.Description”的 XML 注释 [E:\Projects\CSharp\Seeing.Agent\src\Seeing.Agent\Seeing.Agent.csproj]
E:\Projects\CSharp\Seeing.Agent\src\Seeing.Agent\Tools\BuiltIn\FileSystem\EditTool.cs(37,29): warning CS1591: 缺少对公共可见类型或成员“EditTool.Category”的 XML 注释 [E:\Projects\CSharp\Seeing.Agent\src\Seeing.Agent\Seeing.Agent.csproj]
E:\Projects\CSharp\Seeing.Agent\src\Seeing.Agent\Tools\BuiltIn\FileSystem\EditTool.cs(39,37): warning CS1591: 缺少对公共可见类型或成员“EditTool.ParametersSchema”的 XML 注释 [E:\Projects\CSharp\Seeing.Agent\src\Seeing.Agent\Seeing.Agent.csproj]
E:\Projects\CSharp\Seeing.Agent\src\Seeing.Agent\Tools\BuiltIn\FileSystem\EditTool.cs(75,48): warning CS1591: 缺少对公共可见类型或成员“EditTool.ExecuteAsync(JsonElement, ToolContext)”的 XML 注释 [E:\Projects\CSharp\Seeing.Agent\src\Seeing.Agent\Seeing.Agent.csproj]
E:\Projects\CSharp\Seeing.Agent\src\Seeing.Agent\Tools\BuiltIn\FileSystem\GlobTool.cs(33,32): warning CS1591: 缺少对公共可见类型或成员“GlobTool.Id”的 XML 注释 [E:\Projects\CSharp\Seeing.Agent\src\Seeing.Agent\Seeing.Agent.csproj]
E:\Projects\CSharp\Seeing.Agent\src\Seeing.Agent\Tools\BuiltIn\FileSystem\GlobTool.cs(35,32): warning CS1591: 缺少对公共可见类型或成员“GlobTool.Description”的 XML 注释 [E:\Projects\CSharp\Seeing.Agent\src\Seeing.Agent\Seeing.Agent.csproj]
E:\Projects\CSharp\Seeing.Agent\src\Seeing.Agent\Tools\BuiltIn\FileSystem\GlobTool.cs(41,29): warning CS1591: 缺少对公共可见类型或成员“GlobTool.Category”的 XML 注释 [E:\Projects\CSharp\Seeing.Agent\src\Seeing.Agent\Seeing.Agent.csproj]
E:\Projects\CSharp\Seeing.Agent\src\Seeing.Agent\Tools\BuiltIn\FileSystem\GlobTool.cs(43,37): warning CS1591: 缺少对公共可见类型或成员“GlobTool.ParametersSchema”的 XML 注释 [E:\Projects\CSharp\Seeing.Agent\src\Seeing.Agent\Seeing.Agent.csproj]
E:\Projects\CSharp\Seeing.Agent\src\Seeing.Agent\Tools\BuiltIn\FileSystem\GlobTool.cs(69,48): warning CS1591: 缺少对公共可见类型或成员“GlobTool.ExecuteAsync(JsonElement, ToolContext)”的 XML 注释 [E:\Projects\CSharp\Seeing.Agent\src\Seeing.Agent\Seeing.Agent.csproj]
E:\Projects\CSharp\Seeing.Agent\src\Seeing.Agent\Tools\BuiltIn\FileSystem\GrepTool.cs(29,32): warning CS1591: 缺少对公共可见类型或成员“GrepTool.Id”的 XML 注释 [E:\Projects\CSharp\Seeing.Agent\src\Seeing.Agent\Seeing.Agent.csproj]
E:\Projects\CSharp\Seeing.Agent\src\Seeing.Agent\Tools\BuiltIn\FileSystem\GrepTool.cs(31,32): warning CS1591: 缺少对公共可见类型或成员“GrepTool.Description”的 XML 注释 [E:\Projects\CSharp\Seeing.Agent\src\Seeing.Agent\Seeing.Agent.csproj]
E:\Projects\CSharp\Seeing.Agent\src\Seeing.Agent\Tools\BuiltIn\FileSystem\GrepTool.cs(36,29): warning CS1591: 缺少对公共可见类型或成员“GrepTool.Category”的 XML 注释 [E:\Projects\CSharp\Seeing.Agent\src\Seeing.Agent\Seeing.Agent.csproj]
E:\Projects\CSharp\Seeing.Agent\src\Seeing.Agent\Tools\BuiltIn\FileSystem\GrepTool.cs(38,37): warning CS1591: 缺少对公共可见类型或成员“GrepTool.ParametersSchema”的 XML 注释 [E:\Projects\CSharp\Seeing.Agent\src\Seeing.Agent\Seeing.Agent.csproj]
E:\Projects\CSharp\Seeing.Agent\src\Seeing.Agent\Tools\BuiltIn\FileSystem\GrepTool.cs(62,48): warning CS1591: 缺少对公共可见类型或成员“GrepTool.ExecuteAsync(JsonElement, ToolContext)”的 XML 注释 [E:\Projects\CSharp\Seeing.Agent\src\Seeing.Agent\Seeing.Agent.csproj]
E:\Projects\CSharp\Seeing.Agent\src\Seeing.Agent\Tools\BuiltIn\FileSystem\ReadTool.cs(29,32): warning CS1591: 缺少对公共可见类型或成员“ReadTool.Id”的 XML 注释 [E:\Projects\CSharp\Seeing.Agent\src\Seeing.Agent\Seeing.Agent.csproj]
E:\Projects\CSharp\Seeing.Agent\src\Seeing.Agent\Tools\BuiltIn\FileSystem\ReadTool.cs(31,32): warning CS1591: 缺少对公共可见类型或成员“ReadTool.Description”的 XML 注释 [E:\Projects\CSharp\Seeing.Agent\src\Seeing.Agent\Seeing.Agent.csproj]
E:\Projects\CSharp\Seeing.Agent\src\Seeing.Agent\Tools\BuiltIn\FileSystem\ReadTool.cs(37,29): warning CS1591: 缺少对公共可见类型或成员“ReadTool.Category”的 XML 注释 [E:\Projects\CSharp\Seeing.Agent\src\Seeing.Agent\Seeing.Agent.csproj]
E:\Projects\CSharp\Seeing.Agent\src\Seeing.Agent\Tools\BuiltIn\FileSystem\ReadTool.cs(39,37): warning CS1591: 缺少对公共可见类型或成员“ReadTool.ParametersSchema”的 XML 注释 [E:\Projects\CSharp\Seeing.Agent\src\Seeing.Agent\Seeing.Agent.csproj]
E:\Projects\CSharp\Seeing.Agent\src\Seeing.Agent\Tools\BuiltIn\FileSystem\ReadTool.cs(71,48): warning CS1591: 缺少对公共可见类型或成员“ReadTool.ExecuteAsync(JsonElement, ToolContext)”的 XML 注释 [E:\Projects\CSharp\Seeing.Agent\src\Seeing.Agent\Seeing.Agent.csproj]
E:\Projects\CSharp\Seeing.Agent\src\Seeing.Agent\Tools\BuiltIn\FileSystem\WriteTool.cs(28,32): warning CS1591: 缺少对公共可见类型或成员“WriteTool.Id”的 XML 注释 [E:\Projects\CSharp\Seeing.Agent\src\Seeing.Agent\Seeing.Agent.csproj]
E:\Projects\CSharp\Seeing.Agent\src\Seeing.Agent\Tools\BuiltIn\FileSystem\WriteTool.cs(30,32): warning CS1591: 缺少对公共可见类型或成员“WriteTool.Description”的 XML 注释 [E:\Projects\CSharp\Seeing.Agent\src\Seeing.Agent\Seeing.Agent.csproj]
E:\Projects\CSharp\Seeing.Agent\src\Seeing.Agent\Tools\BuiltIn\FileSystem\WriteTool.cs(36,29): warning CS1591: 缺少对公共可见类型或成员“WriteTool.Category”的 XML 注释 [E:\Projects\CSharp\Seeing.Agent\src\Seeing.Agent\Seeing.Agent.csproj]
E:\Projects\CSharp\Seeing.Agent\src\Seeing.Agent\Tools\BuiltIn\FileSystem\WriteTool.cs(38,37): warning CS1591: 缺少对公共可见类型或成员“WriteTool.ParametersSchema”的 XML 注释 [E:\Projects\CSharp\Seeing.Agent\src\Seeing.Agent\Seeing.Agent.csproj]
E:\Projects\CSharp\Seeing.Agent\src\Seeing.Agent\Tools\BuiltIn\FileSystem\WriteTool.cs(64,48): warning CS1591: 缺少对公共可见类型或成员“WriteTool.ExecuteAsync(JsonElement, ToolContext)”的 XML 注释 [E:\Projects\CSharp\Seeing.Agent\src\Seeing.Agent\Seeing.Agent.csproj]
E:\Projects\CSharp\Seeing.Agent\src\Seeing.Agent\Tools\BuiltIn\Shell\BashTool.cs(77,16): warning CS1591: 缺少对公共可见类型或成员“BashTool.BashTool(ILogger<BashTool>, IShellService, IShellEnvironmentService)”的 XML 注释 [E:\Projects\CSharp\Seeing.Agent\src\Seeing.Agent\Seeing.Agent.csproj]
E:\Projects\CSharp\Seeing.Agent\src\Seeing.Agent\Tools\BuiltIn\Shell\ShellService.cs(52,16): warning CS1591: 缺少对公共可见类型或成员“ShellService.ShellService(ILogger<ShellService>)”的 XML 注释 [E:\Projects\CSharp\Seeing.Agent\src\Seeing.Agent\Seeing.Agent.csproj]
E:\Projects\CSharp\Seeing.Agent\src\Seeing.Agent\Tools\Discovery\ReflectedTool.cs(20,23): warning CS1591: 缺少对公共可见类型或成员“ReflectedTool.Id”的 XML 注释 [E:\Projects\CSharp\Seeing.Agent\src\Seeing.Agent\Seeing.Agent.csproj]
E:\Projects\CSharp\Seeing.Agent\src\Seeing.Agent\Tools\Discovery\ReflectedTool.cs(21,23): warning CS1591: 缺少对公共可见类型或成员“ReflectedTool.Description”的 XML 注释 [E:\Projects\CSharp\Seeing.Agent\src\Seeing.Agent\Seeing.Agent.csproj]
E:\Projects\CSharp\Seeing.Agent\src\Seeing.Agent\Tools\Discovery\ReflectedTool.cs(22,28): warning CS1591: 缺少对公共可见类型或成员“ReflectedTool.ParametersSchema”的 XML 注释 [E:\Projects\CSharp\Seeing.Agent\src\Seeing.Agent\Seeing.Agent.csproj]
E:\Projects\CSharp\Seeing.Agent\src\Seeing.Agent\Tools\Discovery\ReflectedTool.cs(24,16): warning CS1591: 缺少对公共可见类型或成员“ReflectedTool.ReflectedTool(DiscoveredTool, ILogger<ReflectedTool>?, IServiceProvider?)”的 XML 注释 [E:\Projects\CSharp\Seeing.Agent\src\Seeing.Agent\Seeing.Agent.csproj]
E:\Projects\CSharp\Seeing.Agent\src\Seeing.Agent\Tools\Discovery\ReflectedTool.cs(34,39): warning CS1591: 缺少对公共可见类型或成员“ReflectedTool.ExecuteAsync(JsonElement, ToolContext)”的 XML 注释 [E:\Projects\CSharp\Seeing.Agent\src\Seeing.Agent\Seeing.Agent.csproj]
E:\Projects\CSharp\Seeing.Agent\src\Seeing.Agent\Tools\SkillTool.cs(25,16): warning CS1591: 缺少对公共可见类型或成员“SkillTool.SkillTool(SkillManager, ILogger<SkillTool>)”的 XML 注释 [E:\Projects\CSharp\Seeing.Agent\src\Seeing.Agent\Seeing.Agent.csproj]
E:\Projects\CSharp\Seeing.Agent\src\Seeing.Agent\Tools\SkillTool.cs(31,23): warning CS1591: 缺少对公共可见类型或成员“SkillTool.Id”的 XML 注释 [E:\Projects\CSharp\Seeing.Agent\src\Seeing.Agent\Seeing.Agent.csproj]
E:\Projects\CSharp\Seeing.Agent\src\Seeing.Agent\Tools\SkillTool.cs(33,23): warning CS1591: 缺少对公共可见类型或成员“SkillTool.Description”的 XML 注释 [E:\Projects\CSharp\Seeing.Agent\src\Seeing.Agent\Seeing.Agent.csproj]
E:\Projects\CSharp\Seeing.Agent\src\Seeing.Agent\Tools\SkillTool.cs(35,29): warning CS1591: 缺少对公共可见类型或成员“SkillTool.Category”的 XML 注释 [E:\Projects\CSharp\Seeing.Agent\src\Seeing.Agent\Seeing.Agent.csproj]
E:\Projects\CSharp\Seeing.Agent\src\Seeing.Agent\Tools\SkillTool.cs(37,28): warning CS1591: 缺少对公共可见类型或成员“SkillTool.ParametersSchema”的 XML 注释 [E:\Projects\CSharp\Seeing.Agent\src\Seeing.Agent\Seeing.Agent.csproj]
E:\Projects\CSharp\Seeing.Agent\src\Seeing.Agent\Tools\SkillTool.cs(103,39): warning CS1591: 缺少对公共可见类型或成员“SkillTool.ExecuteAsync(JsonElement, ToolContext)”的 XML 注释 [E:\Projects\CSharp\Seeing.Agent\src\Seeing.Agent\Seeing.Agent.csproj]
E:\Projects\CSharp\Seeing.Agent\src\Seeing.Agent\Tools\ToolInvoker.cs(52,16): warning CS1591: 缺少对公共可见类型或成员“ToolInvoker.ToolInvoker(ILogger<ToolInvoker>, IHookManager, IServiceProvider?, IToolDecoratorRegistry?)”的 XML 注释 [E:\Projects\CSharp\Seeing.Agent\src\Seeing.Agent\Seeing.Agent.csproj]
  Seeing.Agent -> E:\Projects\CSharp\Seeing.Agent\src\Seeing.Agent\bin\Debug\net10.0\Seeing.Agent.dll
CSC : warning CS1668: “LIB 环境变量”中指定的搜索路径“C:\Program Files\Microsoft Visual Studio\2022\Professional\VC\Tools\MSVC\14.43.34808\lib\x64”无效 --“目录不存在” [E:\Projects\CSharp\Seeing.Agent\samples\Seeing.Agent.Tui\Seeing.Agent.Tui.csproj]
CSC : warning CS1668: “LIB 环境变量”中指定的搜索路径“C:\Program Files (x86)\Windows Kits\10\Lib\10.0.20348.0\ucrt\x64”无效 --“目录不存在” [E:\Projects\CSharp\Seeing.Agent\samples\Seeing.Agent.Tui\Seeing.Agent.Tui.csproj]
CSC : warning CS1668: “LIB 环境变量”中指定的搜索路径“C:\Program Files (x86)\Windows Kits\10\Lib\10.0.20348.0\um\x64”无效 --“目录不存在” [E:\Projects\CSharp\Seeing.Agent\samples\Seeing.Agent.Tui\Seeing.Agent.Tui.csproj]
CSC : warning CS1668: “LIB 环境变量”中指定的搜索路径“C:\Program Files\Microsoft Visual Studio\2022\Professional\VC\Tools\MSVC\14.43.34808\lib\x64”无效 --“目录不存在” [E:\Projects\CSharp\Seeing.Agent\tests\Seeing.Agent.Tests\Seeing.Agent.Tests.csproj]
CSC : warning CS1668: “LIB 环境变量”中指定的搜索路径“C:\Program Files (x86)\Windows Kits\10\Lib\10.0.20348.0\ucrt\x64”无效 --“目录不存在” [E:\Projects\CSharp\Seeing.Agent\tests\Seeing.Agent.Tests\Seeing.Agent.Tests.csproj]
CSC : warning CS1668: “LIB 环境变量”中指定的搜索路径“C:\Program Files (x86)\Windows Kits\10\Lib\10.0.20348.0\um\x64”无效 --“目录不存在” [E:\Projects\CSharp\Seeing.Agent\tests\Seeing.Agent.Tests\Seeing.Agent.Tests.csproj]
  Seeing.Agent.Tui -> E:\Projects\CSharp\Seeing.Agent\samples\Seeing.Agent.Tui\bin\Debug\net10.0\seeing-tui.dll
  Seeing.Agent.Tests -> E:\Projects\CSharp\Seeing.Agent\tests\Seeing.Agent.Tests\bin\Debug\net10.0\Seeing.Agent.Tests.dll

已成功生成。

CSC : warning CS1668: “LIB 环境变量”中指定的搜索路径“C:\Program Files\Microsoft Visual Studio\2022\Professional\VC\Tools\MSVC\14.43.34808\lib\x64”无效 --“目录不存在” [E:\Projects\CSharp\Seeing.Agent\src\Seeing.Agent\Seeing.Agent.csproj]
CSC : warning CS1668: “LIB 环境变量”中指定的搜索路径“C:\Program Files (x86)\Windows Kits\10\Lib\10.0.20348.0\ucrt\x64”无效 --“目录不存在” [E:\Projects\CSharp\Seeing.Agent\src\Seeing.Agent\Seeing.Agent.csproj]
CSC : warning CS1668: “LIB 环境变量”中指定的搜索路径“C:\Program Files (x86)\Windows Kits\10\Lib\10.0.20348.0\um\x64”无效 --“目录不存在” [E:\Projects\CSharp\Seeing.Agent\src\Seeing.Agent\Seeing.Agent.csproj]
E:\Projects\CSharp\Seeing.Agent\src\Seeing.Agent\Llm\ILlmClient.cs(33,10): warning CS8424: 应用于参数 "cancellationToken" 的 EnumeratorCancellationAttribute 将不起任何作用。该属性仅在返回 IAsyncEnumerable 的异步迭代器方法中 CancellationToken 类型的参数上有效 [E:\Projects\CSharp\Seeing.Agent\src\Seeing.Agent\Seeing.Agent.csproj]
E:\Projects\CSharp\Seeing.Agent\src\Seeing.Agent\Core\Models\ToolArguments.cs(71,24): warning CS8600: 将 null 文本或可能的 null 值转换为不可为 null 类型。 [E:\Projects\CSharp\Seeing.Agent\src\Seeing.Agent\Seeing.Agent.csproj]
E:\Projects\CSharp\Seeing.Agent\src\Seeing.Agent\Decorators\RetryToolDecorator.cs(67,73): warning CS8602: 解引用可能出现空引用。 [E:\Projects\CSharp\Seeing.Agent\src\Seeing.Agent\Seeing.Agent.csproj]
E:\Projects\CSharp\Seeing.Agent\src\Seeing.Agent\Middlewares\RetryMiddleware.cs(50,73): warning CS8602: 解引用可能出现空引用。 [E:\Projects\CSharp\Seeing.Agent\src\Seeing.Agent\Seeing.Agent.csproj]
E:\Projects\CSharp\Seeing.Agent\src\Seeing.Agent\Core\Abstractions\AgentBase.cs(138,37): warning CS8601: 可能的 null 引用赋值。 [E:\Projects\CSharp\Seeing.Agent\src\Seeing.Agent\Seeing.Agent.csproj]
E:\Projects\CSharp\Seeing.Agent\src\Seeing.Agent\Llm\Clients\OpenAiClient.cs(178,54): warning CS8601: 可能的 null 引用赋值。 [E:\Projects\CSharp\Seeing.Agent\src\Seeing.Agent\Seeing.Agent.csproj]
E:\Projects\CSharp\Seeing.Agent\src\Seeing.Agent\Llm\Clients\OpenAiClient.cs(184,54): warning CS8601: 可能的 null 引用赋值。 [E:\Projects\CSharp\Seeing.Agent\src\Seeing.Agent\Seeing.Agent.csproj]
E:\Projects\CSharp\Seeing.Agent\src\Seeing.Agent\Llm\Clients\OpenAiClient.cs(190,54): warning CS8601: 可能的 null 引用赋值。 [E:\Projects\CSharp\Seeing.Agent\src\Seeing.Agent\Seeing.Agent.csproj]
E:\Projects\CSharp\Seeing.Agent\src\Seeing.Agent\Llm\Clients\OpenAiClient.cs(233,21): warning CS8602: 解引用可能出现空引用。 [E:\Projects\CSharp\Seeing.Agent\src\Seeing.Agent\Seeing.Agent.csproj]
E:\Projects\CSharp\Seeing.Agent\src\Seeing.Agent\Llm\Clients\OpenAiClient.cs(247,26): warning CS8601: 可能的 null 引用赋值。 [E:\Projects\CSharp\Seeing.Agent\src\Seeing.Agent\Seeing.Agent.csproj]
E:\Projects\CSharp\Seeing.Agent\src\Seeing.Agent\Sessions\SessionManager.cs(136,33): warning CS8601: 可能的 null 引用赋值。 [E:\Projects\CSharp\Seeing.Agent\src\Seeing.Agent\Seeing.Agent.csproj]
E:\Projects\CSharp\Seeing.Agent\src\Seeing.Agent\Tools\BuiltIn\Web\WebSearchTool.cs(102,52): warning CS8601: 可能的 null 引用赋值。 [E:\Projects\CSharp\Seeing.Agent\src\Seeing.Agent\Seeing.Agent.csproj]
E:\Projects\CSharp\Seeing.Agent\src\Seeing.Agent\Tools\BuiltIn\Shell\BashTool.cs(192,17): warning CS0219: 变量“exited”已被赋值，但从未使用过它的值 [E:\Projects\CSharp\Seeing.Agent\src\Seeing.Agent\Seeing.Agent.csproj]
E:\Projects\CSharp\Seeing.Agent\src\Seeing.Agent\Commands\CommandService.cs(73,16): warning CS1591: 缺少对公共可见类型或成员“CommandService.CommandService(ILogger<CommandService>, IHookManager)”的 XML 注释 [E:\Projects\CSharp\Seeing.Agent\src\Seeing.Agent\Seeing.Agent.csproj]
E:\Projects\CSharp\Seeing.Agent\src\Seeing.Agent\Configuration\ConfigReloadService.cs(219,21): warning CS1591: 缺少对公共可见类型或成员“ConfigReloadService.Dispose()”的 XML 注释 [E:\Projects\CSharp\Seeing.Agent\src\Seeing.Agent\Seeing.Agent.csproj]
E:\Projects\CSharp\Seeing.Agent\src\Seeing.Agent\Configuration\IConfigurationPersistence.cs(14,68): warning CS1573: 参数“cancellationToken”在“IConfigurationPersistence.SaveAsync(RuntimeSettings, CancellationToken)”的 XML 注释中没有匹配的 param 标记(但其他参数有) [E:\Projects\CSharp\Seeing.Agent\src\Seeing.Agent\Seeing.Agent.csproj]
E:\Projects\CSharp\Seeing.Agent\src\Seeing.Agent\Core\Abstractions\AgentBase.cs(13,36): warning CS1591: 缺少对公共可见类型或成员“AgentBase._logger”的 XML 注释 [E:\Projects\CSharp\Seeing.Agent\src\Seeing.Agent\Seeing.Agent.csproj]
E:\Projects\CSharp\Seeing.Agent\src\Seeing.Agent\Core\Abstractions\AgentBase.cs(14,42): warning CS1591: 缺少对公共可见类型或成员“AgentBase._hookManager”的 XML 注释 [E:\Projects\CSharp\Seeing.Agent\src\Seeing.Agent\Seeing.Agent.csproj]
E:\Projects\CSharp\Seeing.Agent\src\Seeing.Agent\Core\Abstractions\ToolBase.cs(12,36): warning CS1591: 缺少对公共可见类型或成员“ToolBase._logger”的 XML 注释 [E:\Projects\CSharp\Seeing.Agent\src\Seeing.Agent\Seeing.Agent.csproj]
E:\Projects\CSharp\Seeing.Agent\src\Seeing.Agent\Core\AgentDiscovery.cs(32,16): warning CS1591: 缺少对公共可见类型或成员“AgentDiscovery.AgentDiscovery(ILogger<AgentDiscovery>)”的 XML 注释 [E:\Projects\CSharp\Seeing.Agent\src\Seeing.Agent\Seeing.Agent.csproj]
E:\Projects\CSharp\Seeing.Agent\src\Seeing.Agent\Core\Interfaces\IExtension.cs(11,33): warning CS1591: 缺少对公共可见类型或成员“ExtensionContext.Services”的 XML 注释 [E:\Projects\CSharp\Seeing.Agent\src\Seeing.Agent\Seeing.Agent.csproj]
E:\Projects\CSharp\Seeing.Agent\src\Seeing.Agent\Core\Interfaces\IExtension.cs(12,31): warning CS1591: 缺少对公共可见类型或成员“ExtensionContext.Configuration”的 XML 注释 [E:\Projects\CSharp\Seeing.Agent\src\Seeing.Agent\Seeing.Agent.csproj]
E:\Projects\CSharp\Seeing.Agent\src\Seeing.Agent\Core\Interfaces\IExtension.cs(13,34): warning CS1591: 缺少对公共可见类型或成员“ExtensionContext.HookManager”的 XML 注释 [E:\Projects\CSharp\Seeing.Agent\src\Seeing.Agent\Seeing.Agent.csproj]
E:\Projects\CSharp\Seeing.Agent\src\Seeing.Agent\Core\Interfaces\IExtension.cs(14,34): warning CS1591: 缺少对公共可见类型或成员“ExtensionContext.ToolInvoker”的 XML 注释 [E:\Projects\CSharp\Seeing.Agent\src\Seeing.Agent\Seeing.Agent.csproj]
E:\Projects\CSharp\Seeing.Agent\src\Seeing.Agent\Core\Interfaces\IRuleEvaluator.cs(35,16): warning CS1591: 缺少对公共可见类型或成员“PermissionDecision.PermissionDecision(PermissionAction, string?, PermissionRule?)”的 XML 注释 [E:\Projects\CSharp\Seeing.Agent\src\Seeing.Agent\Seeing.Agent.csproj]
E:\Projects\CSharp\Seeing.Agent\src\Seeing.Agent\Core\Interfaces\IRuleEvaluator.cs(116,9): warning CS1591: 缺少对公共可见类型或成员“ConditionOperator.Equals”的 XML 注释 [E:\Projects\CSharp\Seeing.Agent\src\Seeing.Agent\Seeing.Agent.csproj]
E:\Projects\CSharp\Seeing.Agent\src\Seeing.Agent\Core\Interfaces\IRuleEvaluator.cs(117,9): warning CS1591: 缺少对公共可见类型或成员“ConditionOperator.NotEquals”的 XML 注释 [E:\Projects\CSharp\Seeing.Agent\src\Seeing.Agent\Seeing.Agent.csproj]
E:\Projects\CSharp\Seeing.Agent\src\Seeing.Agent\Core\Interfaces\IRuleEvaluator.cs(118,9): warning CS1591: 缺少对公共可见类型或成员“ConditionOperator.Contains”的 XML 注释 [E:\Projects\CSharp\Seeing.Agent\src\Seeing.Agent\Seeing.Agent.csproj]
E:\Projects\CSharp\Seeing.Agent\src\Seeing.Agent\Core\Interfaces\IRuleEvaluator.cs(119,9): warning CS1591: 缺少对公共可见类型或成员“ConditionOperator.StartsWith”的 XML 注释 [E:\Projects\CSharp\Seeing.Agent\src\Seeing.Agent\Seeing.Agent.csproj]
E:\Projects\CSharp\Seeing.Agent\src\Seeing.Agent\Core\Interfaces\IRuleEvaluator.cs(120,9): warning CS1591: 缺少对公共可见类型或成员“ConditionOperator.EndsWith”的 XML 注释 [E:\Projects\CSharp\Seeing.Agent\src\Seeing.Agent\Seeing.Agent.csproj]
E:\Projects\CSharp\Seeing.Agent\src\Seeing.Agent\Core\Interfaces\IRuleEvaluator.cs(121,9): warning CS1591: 缺少对公共可见类型或成员“ConditionOperator.Matches”的 XML 注释 [E:\Projects\CSharp\Seeing.Agent\src\Seeing.Agent\Seeing.Agent.csproj]
E:\Projects\CSharp\Seeing.Agent\src\Seeing.Agent\Core\Interfaces\ITool.cs(11,23): warning CS1591: 缺少对公共可见类型或成员“ToolContext.SessionId”的 XML 注释 [E:\Projects\CSharp\Seeing.Agent\src\Seeing.Agent\Seeing.Agent.csproj]
E:\Projects\CSharp\Seeing.Agent\src\Seeing.Agent\Core\Interfaces\ITool.cs(12,23): warning CS1591: 缺少对公共可见类型或成员“ToolContext.MessageId”的 XML 注释 [E:\Projects\CSharp\Seeing.Agent\src\Seeing.Agent\Seeing.Agent.csproj]
E:\Projects\CSharp\Seeing.Agent\src\Seeing.Agent\Core\Interfaces\ITool.cs(13,24): warning CS1591: 缺少对公共可见类型或成员“ToolContext.CallId”的 XML 注释 [E:\Projects\CSharp\Seeing.Agent\src\Seeing.Agent\Seeing.Agent.csproj]
E:\Projects\CSharp\Seeing.Agent\src\Seeing.Agent\Core\Interfaces\ITool.cs(14,24): warning CS1591: 缺少对公共可见类型或成员“ToolContext.Agent”的 XML 注释 [E:\Projects\CSharp\Seeing.Agent\src\Seeing.Agent\Seeing.Agent.csproj]
E:\Projects\CSharp\Seeing.Agent\src\Seeing.Agent\Core\Interfaces\ITool.cs(15,34): warning CS1591: 缺少对公共可见类型或成员“ToolContext.CancellationToken”的 XML 注释 [E:\Projects\CSharp\Seeing.Agent\src\Seeing.Agent\Seeing.Agent.csproj]
E:\Projects\CSharp\Seeing.Agent\src\Seeing.Agent\Core\Interfaces\ITool.cs(29,23): warning CS1591: 缺少对公共可见类型或成员“PermissionRequest.Permission”的 XML 注释 [E:\Projects\CSharp\Seeing.Agent\src\Seeing.Agent\Seeing.Agent.csproj]
E:\Projects\CSharp\Seeing.Agent\src\Seeing.Agent\Core\Interfaces\ITool.cs(30,29): warning CS1591: 缺少对公共可见类型或成员“PermissionRequest.Patterns”的 XML 注释 [E:\Projects\CSharp\Seeing.Agent\src\Seeing.Agent\Seeing.Agent.csproj]
E:\Projects\CSharp\Seeing.Agent\src\Seeing.Agent\Core\Interfaces\ITool.cs(31,43): warning CS1591: 缺少对公共可见类型或成员“PermissionRequest.Metadata”的 XML 注释 [E:\Projects\CSharp\Seeing.Agent\src\Seeing.Agent\Seeing.Agent.csproj]
E:\Projects\CSharp\Seeing.Agent\src\Seeing.Agent\Core\Interfaces\ITool.cs(39,21): warning CS1591: 缺少对公共可见类型或成员“ToolResult.Success”的 XML 注释 [E:\Projects\CSharp\Seeing.Agent\src\Seeing.Agent\Seeing.Agent.csproj]
E:\Projects\CSharp\Seeing.Agent\src\Seeing.Agent\Core\Interfaces\ITool.cs(40,23): warning CS1591: 缺少对公共可见类型或成员“ToolResult.Title”的 XML 注释 [E:\Projects\CSharp\Seeing.Agent\src\Seeing.Agent\Seeing.Agent.csproj]
E:\Projects\CSharp\Seeing.Agent\src\Seeing.Agent\Core\Interfaces\ITool.cs(41,23): warning CS1591: 缺少对公共可见类型或成员“ToolResult.Output”的 XML 注释 [E:\Projects\CSharp\Seeing.Agent\src\Seeing.Agent\Seeing.Agent.csproj]
E:\Projects\CSharp\Seeing.Agent\src\Seeing.Agent\Core\Interfaces\ITool.cs(42,43): warning CS1591: 缺少对公共可见类型或成员“ToolResult.Metadata”的 XML 注释 [E:\Projects\CSharp\Seeing.Agent\src\Seeing.Agent\Seeing.Agent.csproj]
E:\Projects\CSharp\Seeing.Agent\src\Seeing.Agent\Core\Interfaces\ITool.cs(43,38): warning CS1591: 缺少对公共可见类型或成员“ToolResult.Attachments”的 XML 注释 [E:\Projects\CSharp\Seeing.Agent\src\Seeing.Agent\Seeing.Agent.csproj]
E:\Projects\CSharp\Seeing.Agent\src\Seeing.Agent\Core\Interfaces\ITool.cs(51,23): warning CS1591: 缺少对公共可见类型或成员“FileAttachment.Name”的 XML 注释 [E:\Projects\CSharp\Seeing.Agent\src\Seeing.Agent\Seeing.Agent.csproj]
E:\Projects\CSharp\Seeing.Agent\src\Seeing.Agent\Core\Interfaces\ITool.cs(52,23): warning CS1591: 缺少对公共可见类型或成员“FileAttachment.Path”的 XML 注释 [E:\Projects\CSharp\Seeing.Agent\src\Seeing.Agent\Seeing.Agent.csproj]
E:\Projects\CSharp\Seeing.Agent\src\Seeing.Agent\Core\Interfaces\ITool.cs(53,23): warning CS1591: 缺少对公共可见类型或成员“FileAttachment.MimeType”的 XML 注释 [E:\Projects\CSharp\Seeing.Agent\src\Seeing.Agent\Seeing.Agent.csproj]
E:\Projects\CSharp\Seeing.Agent\src\Seeing.Agent\Core\Models\ConfigurationModels.cs(47,9): warning CS1591: 缺少对公共可见类型或成员“ModelType.Chat”的 XML 注释 [E:\Projects\CSharp\Seeing.Agent\src\Seeing.Agent\Seeing.Agent.csproj]
E:\Projects\CSharp\Seeing.Agent\src\Seeing.Agent\Core\Models\ConfigurationModels.cs(48,9): warning CS1591: 缺少对公共可见类型或成员“ModelType.Embedding”的 XML 注释 [E:\Projects\CSharp\Seeing.Agent\src\Seeing.Agent\Seeing.Agent.csproj]
E:\Projects\CSharp\Seeing.Agent\src\Seeing.Agent\Core\Models\ConfigurationModels.cs(49,9): warning CS1591: 缺少对公共可见类型或成员“ModelType.Rerank”的 XML 注释 [E:\Projects\CSharp\Seeing.Agent\src\Seeing.Agent\Seeing.Agent.csproj]
E:\Projects\CSharp\Seeing.Agent\src\Seeing.Agent\Core\Models\ConfigurationModels.cs(57,23): warning CS1591: 缺少对公共可见类型或成员“SessionInfo.Id”的 XML 注释 [E:\Projects\CSharp\Seeing.Agent\src\Seeing.Agent\Seeing.Agent.csproj]
E:\Projects\CSharp\Seeing.Agent\src\Seeing.Agent\Core\Models\ConfigurationModels.cs(58,23): warning CS1591: 缺少对公共可见类型或成员“SessionInfo.Title”的 XML 注释 [E:\Projects\CSharp\Seeing.Agent\src\Seeing.Agent\Seeing.Agent.csproj]
E:\Projects\CSharp\Seeing.Agent\src\Seeing.Agent\Core\Models\ConfigurationModels.cs(59,25): warning CS1591: 缺少对公共可见类型或成员“SessionInfo.CreatedAt”的 XML 注释 [E:\Projects\CSharp\Seeing.Agent\src\Seeing.Agent\Seeing.Agent.csproj]
E:\Projects\CSharp\Seeing.Agent\src\Seeing.Agent\Core\Models\ConfigurationModels.cs(60,25): warning CS1591: 缺少对公共可见类型或成员“SessionInfo.UpdatedAt”的 XML 注释 [E:\Projects\CSharp\Seeing.Agent\src\Seeing.Agent\Seeing.Agent.csproj]
E:\Projects\CSharp\Seeing.Agent\src\Seeing.Agent\Core\Models\ConfigurationModels.cs(61,24): warning CS1591: 缺少对公共可见类型或成员“SessionInfo.ParentId”的 XML 注释 [E:\Projects\CSharp\Seeing.Agent\src\Seeing.Agent\Seeing.Agent.csproj]
E:\Projects\CSharp\Seeing.Agent\src\Seeing.Agent\Core\Models\ConfigurationModels.cs(62,34): warning CS1591: 缺少对公共可见类型或成员“SessionInfo.Messages”的 XML 注释 [E:\Projects\CSharp\Seeing.Agent\src\Seeing.Agent\Seeing.Agent.csproj]
E:\Projects\CSharp\Seeing.Agent\src\Seeing.Agent\Core\Models\ConfigurationModels.cs(71,23): warning CS1591: 缺少对公共可见类型或成员“ToolDefinition.Type”的 XML 注释 [E:\Projects\CSharp\Seeing.Agent\src\Seeing.Agent\Seeing.Agent.csproj]
E:\Projects\CSharp\Seeing.Agent\src\Seeing.Agent\Core\Models\ConfigurationModels.cs(74,36): warning CS1591: 缺少对公共可见类型或成员“ToolDefinition.Function”的 XML 注释 [E:\Projects\CSharp\Seeing.Agent\src\Seeing.Agent\Seeing.Agent.csproj]
E:\Projects\CSharp\Seeing.Agent\src\Seeing.Agent\Core\Models\ConfigurationModels.cs(83,23): warning CS1591: 缺少对公共可见类型或成员“FunctionDefinition.Name”的 XML 注释 [E:\Projects\CSharp\Seeing.Agent\src\Seeing.Agent\Seeing.Agent.csproj]
E:\Projects\CSharp\Seeing.Agent\src\Seeing.Agent\Core\Models\ConfigurationModels.cs(86,24): warning CS1591: 缺少对公共可见类型或成员“FunctionDefinition.Description”的 XML 注释 [E:\Projects\CSharp\Seeing.Agent\src\Seeing.Agent\Seeing.Agent.csproj]
E:\Projects\CSharp\Seeing.Agent\src\Seeing.Agent\Core\Models\ConfigurationModels.cs(89,24): warning CS1591: 缺少对公共可见类型或成员“FunctionDefinition.Parameters”的 XML 注释 [E:\Projects\CSharp\Seeing.Agent\src\Seeing.Agent\Seeing.Agent.csproj]
E:\Projects\CSharp\Seeing.Agent\src\Seeing.Agent\Core\Models\ConfigurationModels.cs(98,23): warning CS1591: 缺少对公共可见类型或成员“FunctionToolSchema.Type”的 XML 注释 [E:\Projects\CSharp\Seeing.Agent\src\Seeing.Agent\Seeing.Agent.csproj]
E:\Projects\CSharp\Seeing.Agent\src\Seeing.Agent\Core\Models\ConfigurationModels.cs(101,31): warning CS1591: 缺少对公共可见类型或成员“FunctionToolSchema.Function”的 XML 注释 [E:\Projects\CSharp\Seeing.Agent\src\Seeing.Agent\Seeing.Agent.csproj]
E:\Projects\CSharp\Seeing.Agent\src\Seeing.Agent\Core\Models\ConfigurationModels.cs(110,23): warning CS1591: 缺少对公共可见类型或成员“FunctionSchema.Name”的 XML 注释 [E:\Projects\CSharp\Seeing.Agent\src\Seeing.Agent\Seeing.Agent.csproj]
E:\Projects\CSharp\Seeing.Agent\src\Seeing.Agent\Core\Models\ConfigurationModels.cs(113,23): warning CS1591: 缺少对公共可见类型或成员“FunctionSchema.RealName”的 XML 注释 [E:\Projects\CSharp\Seeing.Agent\src\Seeing.Agent\Seeing.Agent.csproj]
E:\Projects\CSharp\Seeing.Agent\src\Seeing.Agent\Core\Models\ConfigurationModels.cs(116,23): warning CS1591: 缺少对公共可见类型或成员“FunctionSchema.ServerName”的 XML 注释 [E:\Projects\CSharp\Seeing.Agent\src\Seeing.Agent\Seeing.Agent.csproj]
E:\Projects\CSharp\Seeing.Agent\src\Seeing.Agent\Core\Models\ConfigurationModels.cs(119,24): warning CS1591: 缺少对公共可见类型或成员“FunctionSchema.Description”的 XML 注释 [E:\Projects\CSharp\Seeing.Agent\src\Seeing.Agent\Seeing.Agent.csproj]
E:\Projects\CSharp\Seeing.Agent\src\Seeing.Agent\Core\Models\ConfigurationModels.cs(122,46): warning CS1591: 缺少对公共可见类型或成员“FunctionSchema.Parameters”的 XML 注释 [E:\Projects\CSharp\Seeing.Agent\src\Seeing.Agent\Seeing.Agent.csproj]
E:\Projects\CSharp\Seeing.Agent\src\Seeing.Agent\Core\Models\ToolArguments.cs(136,32): warning CS1591: 缺少对公共可见类型或成员“ToolArguments.ToString()”的 XML 注释 [E:\Projects\CSharp\Seeing.Agent\src\Seeing.Agent\Seeing.Agent.csproj]
E:\Projects\CSharp\Seeing.Agent\src\Seeing.Agent\Core\Models\ToolArguments.cs(153,16): warning CS1591: 缺少对公共可见类型或成员“ToolParameterMissingException.ToolParameterMissingException(string, Type)”的 XML 注释 [E:\Projects\CSharp\Seeing.Agent\src\Seeing.Agent\Seeing.Agent.csproj]
E:\Projects\CSharp\Seeing.Agent\src\Seeing.Agent\Hooks\HookManager.cs(15,16): warning CS1591: 缺少对公共可见类型或成员“HookManager.HookManager(ILogger<HookManager>)”的 XML 注释 [E:\Projects\CSharp\Seeing.Agent\src\Seeing.Agent\Seeing.Agent.csproj]
E:\Projects\CSharp\Seeing.Agent\src\Seeing.Agent\Llm\ChatContentPart.cs(11,25): warning CS1591: 缺少对公共可见类型或成员“ChatContentPart.KindText”的 XML 注释 [E:\Projects\CSharp\Seeing.Agent\src\Seeing.Agent\Seeing.Agent.csproj]
E:\Projects\CSharp\Seeing.Agent\src\Seeing.Agent\Llm\ChatContentPart.cs(12,25): warning CS1591: 缺少对公共可见类型或成员“ChatContentPart.KindImage”的 XML 注释 [E:\Projects\CSharp\Seeing.Agent\src\Seeing.Agent\Seeing.Agent.csproj]
E:\Projects\CSharp\Seeing.Agent\src\Seeing.Agent\Llm\ChatContentPart.cs(17,25): warning CS1591: 缺少对公共可见类型或成员“ChatContentPart.KindInputAudio”的 XML 注释 [E:\Projects\CSharp\Seeing.Agent\src\Seeing.Agent\Seeing.Agent.csproj]
E:\Projects\CSharp\Seeing.Agent\src\Seeing.Agent\Llm\ChatContentPart.cs(51,35): warning CS1591: 缺少对公共可见类型或成员“ChatContentPart.CreateText(string)”的 XML 注释 [E:\Projects\CSharp\Seeing.Agent\src\Seeing.Agent\Seeing.Agent.csproj]
E:\Projects\CSharp\Seeing.Agent\src\Seeing.Agent\Llm\ChatContentPart.cs(54,35): warning CS1591: 缺少对公共可见类型或成员“ChatContentPart.CreateImageFromUrl(string, string?)”的 XML 注释 [E:\Projects\CSharp\Seeing.Agent\src\Seeing.Agent\Seeing.Agent.csproj]
E:\Projects\CSharp\Seeing.Agent\src\Seeing.Agent\Llm\ChatContentPart.cs(57,35): warning CS1591: 缺少对公共可见类型或成员“ChatContentPart.CreateImageFromBase64(string, string, string?)”的 XML 注释 [E:\Projects\CSharp\Seeing.Agent\src\Seeing.Agent\Seeing.Agent.csproj]
E:\Projects\CSharp\Seeing.Agent\src\Seeing.Agent\Llm\ChatContentPart.cs(60,35): warning CS1591: 缺少对公共可见类型或成员“ChatContentPart.CreateFileFromBase64(string, string, string?)”的 XML 注释 [E:\Projects\CSharp\Seeing.Agent\src\Seeing.Agent\Seeing.Agent.csproj]
E:\Projects\CSharp\Seeing.Agent\src\Seeing.Agent\Llm\ChatContentPart.cs(63,35): warning CS1591: 缺少对公共可见类型或成员“ChatContentPart.CreateFileFromProviderId(string)”的 XML 注释 [E:\Projects\CSharp\Seeing.Agent\src\Seeing.Agent\Seeing.Agent.csproj]
E:\Projects\CSharp\Seeing.Agent\src\Seeing.Agent\Llm\ChatContentPart.cs(66,35): warning CS1591: 缺少对公共可见类型或成员“ChatContentPart.CreateInputAudioFromBase64(string, string)”的 XML 注释 [E:\Projects\CSharp\Seeing.Agent\src\Seeing.Agent\Seeing.Agent.csproj]
E:\Projects\CSharp\Seeing.Agent\src\Seeing.Agent\Llm\Clients\OpenAiClient.cs(21,5): warning CS1591: 缺少对公共可见类型或成员“LlmErrorType.NetworkError”的 XML 注释 [E:\Projects\CSharp\Seeing.Agent\src\Seeing.Agent\Seeing.Agent.csproj]
E:\Projects\CSharp\Seeing.Agent\src\Seeing.Agent\Llm\Clients\OpenAiClient.cs(22,5): warning CS1591: 缺少对公共可见类型或成员“LlmErrorType.AuthenticationError”的 XML 注释 [E:\Projects\CSharp\Seeing.Agent\src\Seeing.Agent\Seeing.Agent.csproj]
E:\Projects\CSharp\Seeing.Agent\src\Seeing.Agent\Llm\Clients\OpenAiClient.cs(23,5): warning CS1591: 缺少对公共可见类型或成员“LlmErrorType.RateLimitError”的 XML 注释 [E:\Projects\CSharp\Seeing.Agent\src\Seeing.Agent\Seeing.Agent.csproj]
E:\Projects\CSharp\Seeing.Agent\src\Seeing.Agent\Llm\Clients\OpenAiClient.cs(24,5): warning CS1591: 缺少对公共可见类型或成员“LlmErrorType.ServerError”的 XML 注释 [E:\Projects\CSharp\Seeing.Agent\src\Seeing.Agent\Seeing.Agent.csproj]
E:\Projects\CSharp\Seeing.Agent\src\Seeing.Agent\Llm\Clients\OpenAiClient.cs(25,5): warning CS1591: 缺少对公共可见类型或成员“LlmErrorType.BadRequestError”的 XML 注释 [E:\Projects\CSharp\Seeing.Agent\src\Seeing.Agent\Seeing.Agent.csproj]
E:\Projects\CSharp\Seeing.Agent\src\Seeing.Agent\Llm\Clients\OpenAiClient.cs(26,5): warning CS1591: 缺少对公共可见类型或成员“LlmErrorType.ModelNotFoundError”的 XML 注释 [E:\Projects\CSharp\Seeing.Agent\src\Seeing.Agent\Seeing.Agent.csproj]
E:\Projects\CSharp\Seeing.Agent\src\Seeing.Agent\Llm\Clients\OpenAiClient.cs(27,5): warning CS1591: 缺少对公共可见类型或成员“LlmErrorType.ContextLengthError”的 XML 注释 [E:\Projects\CSharp\Seeing.Agent\src\Seeing.Agent\Seeing.Agent.csproj]
E:\Projects\CSharp\Seeing.Agent\src\Seeing.Agent\Llm\Clients\OpenAiClient.cs(28,5): warning CS1591: 缺少对公共可见类型或成员“LlmErrorType.StreamParseError”的 XML 注释 [E:\Projects\CSharp\Seeing.Agent\src\Seeing.Agent\Seeing.Agent.csproj]
E:\Projects\CSharp\Seeing.Agent\src\Seeing.Agent\Llm\Clients\OpenAiClient.cs(29,5): warning CS1591: 缺少对公共可见类型或成员“LlmErrorType.UnknownError”的 XML 注释 [E:\Projects\CSharp\Seeing.Agent\src\Seeing.Agent\Seeing.Agent.csproj]
E:\Projects\CSharp\Seeing.Agent\src\Seeing.Agent\Llm\Clients\OpenAiClient.cs(37,25): warning CS1591: 缺少对公共可见类型或成员“LlmException.ErrorType”的 XML 注释 [E:\Projects\CSharp\Seeing.Agent\src\Seeing.Agent\Seeing.Agent.csproj]
E:\Projects\CSharp\Seeing.Agent\src\Seeing.Agent\Llm\Clients\OpenAiClient.cs(38,17): warning CS1591: 缺少对公共可见类型或成员“LlmException.StatusCode”的 XML 注释 [E:\Projects\CSharp\Seeing.Agent\src\Seeing.Agent\Seeing.Agent.csproj]
E:\Projects\CSharp\Seeing.Agent\src\Seeing.Agent\Llm\Clients\OpenAiClient.cs(39,20): warning CS1591: 缺少对公共可见类型或成员“LlmException.ResponseContent”的 XML 注释 [E:\Projects\CSharp\Seeing.Agent\src\Seeing.Agent\Seeing.Agent.csproj]
E:\Projects\CSharp\Seeing.Agent\src\Seeing.Agent\Llm\Clients\OpenAiClient.cs(40,20): warning CS1591: 缺少对公共可见类型或成员“LlmException.ProviderId”的 XML 注释 [E:\Projects\CSharp\Seeing.Agent\src\Seeing.Agent\Seeing.Agent.csproj]
E:\Projects\CSharp\Seeing.Agent\src\Seeing.Agent\Llm\Clients\OpenAiClient.cs(41,20): warning CS1591: 缺少对公共可见类型或成员“LlmException.ModelId”的 XML 注释 [E:\Projects\CSharp\Seeing.Agent\src\Seeing.Agent\Seeing.Agent.csproj]
E:\Projects\CSharp\Seeing.Agent\src\Seeing.Agent\Llm\Clients\OpenAiClient.cs(43,12): warning CS1591: 缺少对公共可见类型或成员“LlmException.LlmException(string, LlmErrorType, int?, string?, string?, string?)”的 XML 注释 [E:\Projects\CSharp\Seeing.Agent\src\Seeing.Agent\Seeing.Agent.csproj]
E:\Projects\CSharp\Seeing.Agent\src\Seeing.Agent\Llm\Clients\OpenAiClient.cs(59,12): warning CS1591: 缺少对公共可见类型或成员“LlmException.LlmException(string, Exception, LlmErrorType, string?, string?)”的 XML 注释 [E:\Projects\CSharp\Seeing.Agent\src\Seeing.Agent\Seeing.Agent.csproj]
E:\Projects\CSharp\Seeing.Agent\src\Seeing.Agent\Llm\Clients\OpenAiClient.cs(72,32): warning CS1591: 缺少对公共可见类型或成员“LlmException.InferErrorType(int)”的 XML 注释 [E:\Projects\CSharp\Seeing.Agent\src\Seeing.Agent\Seeing.Agent.csproj]
E:\Projects\CSharp\Seeing.Agent\src\Seeing.Agent\Llm\Clients\OpenAiClient.cs(94,19): warning CS1591: 缺少对公共可见类型或成员“OpenAiClient.ProviderId”的 XML 注释 [E:\Projects\CSharp\Seeing.Agent\src\Seeing.Agent\Seeing.Agent.csproj]
E:\Projects\CSharp\Seeing.Agent\src\Seeing.Agent\Llm\Clients\OpenAiClient.cs(95,25): warning CS1591: 缺少对公共可见类型或成员“OpenAiClient.ProviderType”的 XML 注释 [E:\Projects\CSharp\Seeing.Agent\src\Seeing.Agent\Seeing.Agent.csproj]
E:\Projects\CSharp\Seeing.Agent\src\Seeing.Agent\Llm\Clients\OpenAiClient.cs(97,12): warning CS1591: 缺少对公共可见类型或成员“OpenAiClient.OpenAiClient(ProviderConfig, ILogger)”的 XML 注释 [E:\Projects\CSharp\Seeing.Agent\src\Seeing.Agent\Seeing.Agent.csproj]
E:\Projects\CSharp\Seeing.Agent\src\Seeing.Agent\Llm\Clients\OpenAiClient.cs(116,37): warning CS1591: 缺少对公共可见类型或成员“OpenAiClient.CompleteAsync(ChatRequest, CancellationToken)”的 XML 注释 [E:\Projects\CSharp\Seeing.Agent\src\Seeing.Agent\Seeing.Agent.csproj]
E:\Projects\CSharp\Seeing.Agent\src\Seeing.Agent\Llm\Clients\OpenAiClient.cs(144,49): warning CS1591: 缺少对公共可见类型或成员“OpenAiClient.CompleteStreamAsync(ChatRequest, CancellationToken)”的 XML 注释 [E:\Projects\CSharp\Seeing.Agent\src\Seeing.Agent\Seeing.Agent.csproj]
E:\Projects\CSharp\Seeing.Agent\src\Seeing.Agent\Llm\Clients\OpenAiClient.cs(273,29): warning CS1591: 缺少对公共可见类型或成员“OpenAiClient.TestConnectionAsync(CancellationToken)”的 XML 注释 [E:\Projects\CSharp\Seeing.Agent\src\Seeing.Agent\Seeing.Agent.csproj]
E:\Projects\CSharp\Seeing.Agent\src\Seeing.Agent\Llm\LlmModels.cs(11,25): warning CS1591: 缺少对公共可见类型或成员“ChatRole.System”的 XML 注释 [E:\Projects\CSharp\Seeing.Agent\src\Seeing.Agent\Seeing.Agent.csproj]
E:\Projects\CSharp\Seeing.Agent\src\Seeing.Agent\Llm\LlmModels.cs(12,25): warning CS1591: 缺少对公共可见类型或成员“ChatRole.User”的 XML 注释 [E:\Projects\CSharp\Seeing.Agent\src\Seeing.Agent\Seeing.Agent.csproj]
E:\Projects\CSharp\Seeing.Agent\src\Seeing.Agent\Llm\LlmModels.cs(13,25): warning CS1591: 缺少对公共可见类型或成员“ChatRole.Assistant”的 XML 注释 [E:\Projects\CSharp\Seeing.Agent\src\Seeing.Agent\Seeing.Agent.csproj]
E:\Projects\CSharp\Seeing.Agent\src\Seeing.Agent\Llm\LlmModels.cs(14,25): warning CS1591: 缺少对公共可见类型或成员“ChatRole.Tool”的 XML 注释 [E:\Projects\CSharp\Seeing.Agent\src\Seeing.Agent\Seeing.Agent.csproj]
E:\Projects\CSharp\Seeing.Agent\src\Seeing.Agent\Llm\LlmModels.cs(64,28): warning CS1591: 缺少对公共可见类型或成员“ChatMessage.ToString()”的 XML 注释 [E:\Projects\CSharp\Seeing.Agent\src\Seeing.Agent\Seeing.Agent.csproj]
E:\Projects\CSharp\Seeing.Agent\src\Seeing.Agent\Llm\ModelConfig.cs(45,25): warning CS1591: 缺少对公共可见类型或成员“ModelModalities.Input”的 XML 注释 [E:\Projects\CSharp\Seeing.Agent\src\Seeing.Agent\Seeing.Agent.csproj]
E:\Projects\CSharp\Seeing.Agent\src\Seeing.Agent\Llm\ModelConfig.cs(48,25): warning CS1591: 缺少对公共可见类型或成员“ModelModalities.Output”的 XML 注释 [E:\Projects\CSharp\Seeing.Agent\src\Seeing.Agent\Seeing.Agent.csproj]
E:\Projects\CSharp\Seeing.Agent\src\Seeing.Agent\Llm\ModelConfig.cs(57,29): warning CS1591: 缺少对公共可见类型或成员“ModelOptions.Thinking”的 XML 注释 [E:\Projects\CSharp\Seeing.Agent\src\Seeing.Agent\Seeing.Agent.csproj]
E:\Projects\CSharp\Seeing.Agent\src\Seeing.Agent\Llm\ModelConfig.cs(70,17): warning CS1591: 缺少对公共可见类型或成员“ThinkingOptions.BudgetTokens”的 XML 注释 [E:\Projects\CSharp\Seeing.Agent\src\Seeing.Agent\Seeing.Agent.csproj]
E:\Projects\CSharp\Seeing.Agent\src\Seeing.Agent\Llm\ModelConfig.cs(79,16): warning CS1591: 缺少对公共可见类型或成员“ModelLimits.Context”的 XML 注释 [E:\Projects\CSharp\Seeing.Agent\src\Seeing.Agent\Seeing.Agent.csproj]
E:\Projects\CSharp\Seeing.Agent\src\Seeing.Agent\Llm\ModelConfig.cs(82,16): warning CS1591: 缺少对公共可见类型或成员“ModelLimits.Output”的 XML 注释 [E:\Projects\CSharp\Seeing.Agent\src\Seeing.Agent\Seeing.Agent.csproj]
E:\Projects\CSharp\Seeing.Agent\src\Seeing.Agent\Llm\ModelConfig.cs(91,19): warning CS1591: 缺少对公共可见类型或成员“ModelPricing.Input”的 XML 注释 [E:\Projects\CSharp\Seeing.Agent\src\Seeing.Agent\Seeing.Agent.csproj]
E:\Projects\CSharp\Seeing.Agent\src\Seeing.Agent\Llm\ModelConfig.cs(94,19): warning CS1591: 缺少对公共可见类型或成员“ModelPricing.Output”的 XML 注释 [E:\Projects\CSharp\Seeing.Agent\src\Seeing.Agent\Seeing.Agent.csproj]
E:\Projects\CSharp\Seeing.Agent\src\Seeing.Agent\Llm\ModelConfig.cs(97,20): warning CS1591: 缺少对公共可见类型或成员“ModelPricing.CacheRead”的 XML 注释 [E:\Projects\CSharp\Seeing.Agent\src\Seeing.Agent\Seeing.Agent.csproj]
E:\Projects\CSharp\Seeing.Agent\src\Seeing.Agent\Llm\ModelConfig.cs(100,20): warning CS1591: 缺少对公共可见类型或成员“ModelPricing.CacheWrite”的 XML 注释 [E:\Projects\CSharp\Seeing.Agent\src\Seeing.Agent\Seeing.Agent.csproj]
E:\Projects\CSharp\Seeing.Agent\src\Seeing.Agent\MCP\McpClientManager.cs(214,14): warning CS1591: 缺少对公共可见类型或成员“IMcpClientWrapper.ConnectAsync(CancellationToken)”的 XML 注释 [E:\Projects\CSharp\Seeing.Agent\src\Seeing.Agent\Seeing.Agent.csproj]
E:\Projects\CSharp\Seeing.Agent\src\Seeing.Agent\MCP\McpClientManager.cs(215,14): warning CS1591: 缺少对公共可见类型或成员“IMcpClientWrapper.DisconnectAsync()”的 XML 注释 [E:\Projects\CSharp\Seeing.Agent\src\Seeing.Agent\Seeing.Agent.csproj]
E:\Projects\CSharp\Seeing.Agent\src\Seeing.Agent\MCP\McpClientManager.cs(216,42): warning CS1591: 缺少对公共可见类型或成员“IMcpClientWrapper.ListToolsAsync(CancellationToken)”的 XML 注释 [E:\Projects\CSharp\Seeing.Agent\src\Seeing.Agent\Seeing.Agent.csproj]
E:\Projects\CSharp\Seeing.Agent\src\Seeing.Agent\MCP\McpClientManager.cs(217,29): warning CS1591: 缺少对公共可见类型或成员“IMcpClientWrapper.CallToolAsync(string, Dictionary<string, object?>, CancellationToken)”的 XML 注释 [E:\Projects\CSharp\Seeing.Agent\src\Seeing.Agent\Seeing.Agent.csproj]
E:\Projects\CSharp\Seeing.Agent\src\Seeing.Agent\MCP\McpClientManager.cs(225,23): warning CS1591: 缺少对公共可见类型或成员“McpToolInfo.Name”的 XML 注释 [E:\Projects\CSharp\Seeing.Agent\src\Seeing.Agent\Seeing.Agent.csproj]
E:\Projects\CSharp\Seeing.Agent\src\Seeing.Agent\MCP\McpClientManager.cs(226,24): warning CS1591: 缺少对公共可见类型或成员“McpToolInfo.Description”的 XML 注释 [E:\Projects\CSharp\Seeing.Agent\src\Seeing.Agent\Seeing.Agent.csproj]
E:\Projects\CSharp\Seeing.Agent\src\Seeing.Agent\MCP\McpClientManager.cs(227,28): warning CS1591: 缺少对公共可见类型或成员“McpToolInfo.ParametersSchema”的 XML 注释 [E:\Projects\CSharp\Seeing.Agent\src\Seeing.Agent\Seeing.Agent.csproj]
E:\Projects\CSharp\Seeing.Agent\src\Seeing.Agent\MCP\McpClientManager.cs(240,16): warning CS1591: 缺少对公共可见类型或成员“StdioMcpClientWrapper.StdioMcpClientWrapper(McpServerConfig, ILogger)”的 XML 注释 [E:\Projects\CSharp\Seeing.Agent\src\Seeing.Agent\Seeing.Agent.csproj]
E:\Projects\CSharp\Seeing.Agent\src\Seeing.Agent\MCP\McpClientManager.cs(246,27): warning CS1591: 缺少对公共可见类型或成员“StdioMcpClientWrapper.ConnectAsync(CancellationToken)”的 XML 注释 [E:\Projects\CSharp\Seeing.Agent\src\Seeing.Agent\Seeing.Agent.csproj]
E:\Projects\CSharp\Seeing.Agent\src\Seeing.Agent\MCP\McpClientManager.cs(289,27): warning CS1591: 缺少对公共可见类型或成员“StdioMcpClientWrapper.DisconnectAsync()”的 XML 注释 [E:\Projects\CSharp\Seeing.Agent\src\Seeing.Agent\Seeing.Agent.csproj]
E:\Projects\CSharp\Seeing.Agent\src\Seeing.Agent\MCP\McpClientManager.cs(310,55): warning CS1591: 缺少对公共可见类型或成员“StdioMcpClientWrapper.ListToolsAsync(CancellationToken)”的 XML 注释 [E:\Projects\CSharp\Seeing.Agent\src\Seeing.Agent\Seeing.Agent.csproj]
E:\Projects\CSharp\Seeing.Agent\src\Seeing.Agent\MCP\McpClientManager.cs(346,42): warning CS1591: 缺少对公共可见类型或成员“StdioMcpClientWrapper.CallToolAsync(string, Dictionary<string, object?>, CancellationToken)”的 XML 注释 [E:\Projects\CSharp\Seeing.Agent\src\Seeing.Agent\Seeing.Agent.csproj]
E:\Projects\CSharp\Seeing.Agent\src\Seeing.Agent\MCP\McpClientManager.cs(424,16): warning CS1591: 缺少对公共可见类型或成员“HttpMcpClientWrapper.HttpMcpClientWrapper(McpServerConfig, IHttpClientFactory, ILogger, HttpTransportMode)”的 XML 注释 [E:\Projects\CSharp\Seeing.Agent\src\Seeing.Agent\Seeing.Agent.csproj]
E:\Projects\CSharp\Seeing.Agent\src\Seeing.Agent\MCP\McpClientManager.cs(436,27): warning CS1591: 缺少对公共可见类型或成员“HttpMcpClientWrapper.ConnectAsync(CancellationToken)”的 XML 注释 [E:\Projects\CSharp\Seeing.Agent\src\Seeing.Agent\Seeing.Agent.csproj]
E:\Projects\CSharp\Seeing.Agent\src\Seeing.Agent\MCP\McpClientManager.cs(472,27): warning CS1591: 缺少对公共可见类型或成员“HttpMcpClientWrapper.DisconnectAsync()”的 XML 注释 [E:\Projects\CSharp\Seeing.Agent\src\Seeing.Agent\Seeing.Agent.csproj]
E:\Projects\CSharp\Seeing.Agent\src\Seeing.Agent\MCP\McpClientManager.cs(493,55): warning CS1591: 缺少对公共可见类型或成员“HttpMcpClientWrapper.ListToolsAsync(CancellationToken)”的 XML 注释 [E:\Projects\CSharp\Seeing.Agent\src\Seeing.Agent\Seeing.Agent.csproj]
E:\Projects\CSharp\Seeing.Agent\src\Seeing.Agent\MCP\McpClientManager.cs(526,42): warning CS1591: 缺少对公共可见类型或成员“HttpMcpClientWrapper.CallToolAsync(string, Dictionary<string, object?>, CancellationToken)”的 XML 注释 [E:\Projects\CSharp\Seeing.Agent\src\Seeing.Agent\Seeing.Agent.csproj]
E:\Projects\CSharp\Seeing.Agent\src\Seeing.Agent\MCP\McpTool.cs(122,23): warning CS1591: 缺少对公共可见类型或成员“McpTool.Id”的 XML 注释 [E:\Projects\CSharp\Seeing.Agent\src\Seeing.Agent\Seeing.Agent.csproj]
E:\Projects\CSharp\Seeing.Agent\src\Seeing.Agent\MCP\McpTool.cs(123,23): warning CS1591: 缺少对公共可见类型或成员“McpTool.Description”的 XML 注释 [E:\Projects\CSharp\Seeing.Agent\src\Seeing.Agent\Seeing.Agent.csproj]
E:\Projects\CSharp\Seeing.Agent\src\Seeing.Agent\MCP\McpTool.cs(124,28): warning CS1591: 缺少对公共可见类型或成员“McpTool.ParametersSchema”的 XML 注释 [E:\Projects\CSharp\Seeing.Agent\src\Seeing.Agent\Seeing.Agent.csproj]
E:\Projects\CSharp\Seeing.Agent\src\Seeing.Agent\MCP\McpTool.cs(126,16): warning CS1591: 缺少对公共可见类型或成员“McpTool.McpTool(string, string, string, JsonElement, Func<string, Dictionary<string, object?>, Task<McpToolResult>>)”的 XML 注释 [E:\Projects\CSharp\Seeing.Agent\src\Seeing.Agent\Seeing.Agent.csproj]
E:\Projects\CSharp\Seeing.Agent\src\Seeing.Agent\MCP\McpTool.cs(140,39): warning CS1591: 缺少对公共可见类型或成员“McpTool.ExecuteAsync(JsonElement, ToolContext)”的 XML 注释 [E:\Projects\CSharp\Seeing.Agent\src\Seeing.Agent\Seeing.Agent.csproj]
E:\Projects\CSharp\Seeing.Agent\src\Seeing.Agent\Middlewares\PermissionMiddleware.cs(95,16): warning CS1591: 缺少对公共可见类型或成员“PermissionDeniedException.PermissionDeniedException(string, string?)”的 XML 注释 [E:\Projects\CSharp\Seeing.Agent\src\Seeing.Agent\Seeing.Agent.csproj]
E:\Projects\CSharp\Seeing.Agent\src\Seeing.Agent\Middlewares\RetryMiddleware.cs(94,16): warning CS1591: 缺少对公共可见类型或成员“MaxRetriesExceededException.MaxRetriesExceededException(int, Exception)”的 XML 注释 [E:\Projects\CSharp\Seeing.Agent\src\Seeing.Agent\Seeing.Agent.csproj]
E:\Projects\CSharp\Seeing.Agent\src\Seeing.Agent\Sessions\SessionManager.cs(106,16): warning CS1591: 缺少对公共可见类型或成员“SessionManager.SessionManager(ILogger<SessionManager>, IHookManager)”的 XML 注释 [E:\Projects\CSharp\Seeing.Agent\src\Seeing.Agent\Seeing.Agent.csproj]
E:\Projects\CSharp\Seeing.Agent\src\Seeing.Agent\Shell\ShellEnvironmentService.cs(35,16): warning CS1591: 缺少对公共可见类型或成员“ShellEnvironmentService.ShellEnvironmentService(ILogger<ShellEnvironmentService>, IHookManager)”的 XML 注释 [E:\Projects\CSharp\Seeing.Agent\src\Seeing.Agent\Seeing.Agent.csproj]
E:\Projects\CSharp\Seeing.Agent\src\Seeing.Agent\Skills\SkillManager.cs(35,16): warning CS1591: 缺少对公共可见类型或成员“SkillManager.SkillManager(ILogger<SkillManager>)”的 XML 注释 [E:\Projects\CSharp\Seeing.Agent\src\Seeing.Agent\Seeing.Agent.csproj]
E:\Projects\CSharp\Seeing.Agent\src\Seeing.Agent\Tools\Attributes\ToolAttributes.cs(15,16): warning CS1591: 缺少对公共可见类型或成员“ToolAttribute.ToolAttribute(string)”的 XML 注释 [E:\Projects\CSharp\Seeing.Agent\src\Seeing.Agent\Seeing.Agent.csproj]
E:\Projects\CSharp\Seeing.Agent\src\Seeing.Agent\Tools\Attributes\ToolAttributes.cs(30,16): warning CS1591: 缺少对公共可见类型或成员“ToolParamAttribute.ToolParamAttribute(string)”的 XML 注释 [E:\Projects\CSharp\Seeing.Agent\src\Seeing.Agent\Seeing.Agent.csproj]
E:\Projects\CSharp\Seeing.Agent\src\Seeing.Agent\Tools\Attributes\ToolAttributes.cs(53,16): warning CS1591: 缺少对公共可见类型或成员“ToolParamTypeAttribute.ToolParamTypeAttribute(string)”的 XML 注释 [E:\Projects\CSharp\Seeing.Agent\src\Seeing.Agent\Seeing.Agent.csproj]
E:\Projects\CSharp\Seeing.Agent\src\Seeing.Agent\Tools\BuiltIn\BuiltInToolBase.cs(13,35): warning CS1591: 缺少对公共可见类型或成员“BuiltInToolBase._workingDirectory”的 XML 注释 [E:\Projects\CSharp\Seeing.Agent\src\Seeing.Agent\Seeing.Agent.csproj]
E:\Projects\CSharp\Seeing.Agent\src\Seeing.Agent\Tools\BuiltIn\BuiltInToolBase.cs(15,19): warning CS1591: 缺少对公共可见类型或成员“BuiltInToolBase.BuiltInToolBase(ILogger, string?)”的 XML 注释 [E:\Projects\CSharp\Seeing.Agent\src\Seeing.Agent\Seeing.Agent.csproj]
E:\Projects\CSharp\Seeing.Agent\src\Seeing.Agent\Tools\BuiltIn\FileSystem\EditTool.cs(29,32): warning CS1591: 缺少对公共可见类型或成员“EditTool.Id”的 XML 注释 [E:\Projects\CSharp\Seeing.Agent\src\Seeing.Agent\Seeing.Agent.csproj]
E:\Projects\CSharp\Seeing.Agent\src\Seeing.Agent\Tools\BuiltIn\FileSystem\EditTool.cs(31,32): warning CS1591: 缺少对公共可见类型或成员“EditTool.Description”的 XML 注释 [E:\Projects\CSharp\Seeing.Agent\src\Seeing.Agent\Seeing.Agent.csproj]
E:\Projects\CSharp\Seeing.Agent\src\Seeing.Agent\Tools\BuiltIn\FileSystem\EditTool.cs(37,29): warning CS1591: 缺少对公共可见类型或成员“EditTool.Category”的 XML 注释 [E:\Projects\CSharp\Seeing.Agent\src\Seeing.Agent\Seeing.Agent.csproj]
E:\Projects\CSharp\Seeing.Agent\src\Seeing.Agent\Tools\BuiltIn\FileSystem\EditTool.cs(39,37): warning CS1591: 缺少对公共可见类型或成员“EditTool.ParametersSchema”的 XML 注释 [E:\Projects\CSharp\Seeing.Agent\src\Seeing.Agent\Seeing.Agent.csproj]
E:\Projects\CSharp\Seeing.Agent\src\Seeing.Agent\Tools\BuiltIn\FileSystem\EditTool.cs(75,48): warning CS1591: 缺少对公共可见类型或成员“EditTool.ExecuteAsync(JsonElement, ToolContext)”的 XML 注释 [E:\Projects\CSharp\Seeing.Agent\src\Seeing.Agent\Seeing.Agent.csproj]
E:\Projects\CSharp\Seeing.Agent\src\Seeing.Agent\Tools\BuiltIn\FileSystem\GlobTool.cs(33,32): warning CS1591: 缺少对公共可见类型或成员“GlobTool.Id”的 XML 注释 [E:\Projects\CSharp\Seeing.Agent\src\Seeing.Agent\Seeing.Agent.csproj]
E:\Projects\CSharp\Seeing.Agent\src\Seeing.Agent\Tools\BuiltIn\FileSystem\GlobTool.cs(35,32): warning CS1591: 缺少对公共可见类型或成员“GlobTool.Description”的 XML 注释 [E:\Projects\CSharp\Seeing.Agent\src\Seeing.Agent\Seeing.Agent.csproj]
E:\Projects\CSharp\Seeing.Agent\src\Seeing.Agent\Tools\BuiltIn\FileSystem\GlobTool.cs(41,29): warning CS1591: 缺少对公共可见类型或成员“GlobTool.Category”的 XML 注释 [E:\Projects\CSharp\Seeing.Agent\src\Seeing.Agent\Seeing.Agent.csproj]
E:\Projects\CSharp\Seeing.Agent\src\Seeing.Agent\Tools\BuiltIn\FileSystem\GlobTool.cs(43,37): warning CS1591: 缺少对公共可见类型或成员“GlobTool.ParametersSchema”的 XML 注释 [E:\Projects\CSharp\Seeing.Agent\src\Seeing.Agent\Seeing.Agent.csproj]
E:\Projects\CSharp\Seeing.Agent\src\Seeing.Agent\Tools\BuiltIn\FileSystem\GlobTool.cs(69,48): warning CS1591: 缺少对公共可见类型或成员“GlobTool.ExecuteAsync(JsonElement, ToolContext)”的 XML 注释 [E:\Projects\CSharp\Seeing.Agent\src\Seeing.Agent\Seeing.Agent.csproj]
E:\Projects\CSharp\Seeing.Agent\src\Seeing.Agent\Tools\BuiltIn\FileSystem\GrepTool.cs(29,32): warning CS1591: 缺少对公共可见类型或成员“GrepTool.Id”的 XML 注释 [E:\Projects\CSharp\Seeing.Agent\src\Seeing.Agent\Seeing.Agent.csproj]
E:\Projects\CSharp\Seeing.Agent\src\Seeing.Agent\Tools\BuiltIn\FileSystem\GrepTool.cs(31,32): warning CS1591: 缺少对公共可见类型或成员“GrepTool.Description”的 XML 注释 [E:\Projects\CSharp\Seeing.Agent\src\Seeing.Agent\Seeing.Agent.csproj]
E:\Projects\CSharp\Seeing.Agent\src\Seeing.Agent\Tools\BuiltIn\FileSystem\GrepTool.cs(36,29): warning CS1591: 缺少对公共可见类型或成员“GrepTool.Category”的 XML 注释 [E:\Projects\CSharp\Seeing.Agent\src\Seeing.Agent\Seeing.Agent.csproj]
E:\Projects\CSharp\Seeing.Agent\src\Seeing.Agent\Tools\BuiltIn\FileSystem\GrepTool.cs(38,37): warning CS1591: 缺少对公共可见类型或成员“GrepTool.ParametersSchema”的 XML 注释 [E:\Projects\CSharp\Seeing.Agent\src\Seeing.Agent\Seeing.Agent.csproj]
E:\Projects\CSharp\Seeing.Agent\src\Seeing.Agent\Tools\BuiltIn\FileSystem\GrepTool.cs(62,48): warning CS1591: 缺少对公共可见类型或成员“GrepTool.ExecuteAsync(JsonElement, ToolContext)”的 XML 注释 [E:\Projects\CSharp\Seeing.Agent\src\Seeing.Agent\Seeing.Agent.csproj]
E:\Projects\CSharp\Seeing.Agent\src\Seeing.Agent\Tools\BuiltIn\FileSystem\ReadTool.cs(29,32): warning CS1591: 缺少对公共可见类型或成员“ReadTool.Id”的 XML 注释 [E:\Projects\CSharp\Seeing.Agent\src\Seeing.Agent\Seeing.Agent.csproj]
E:\Projects\CSharp\Seeing.Agent\src\Seeing.Agent\Tools\BuiltIn\FileSystem\ReadTool.cs(31,32): warning CS1591: 缺少对公共可见类型或成员“ReadTool.Description”的 XML 注释 [E:\Projects\CSharp\Seeing.Agent\src\Seeing.Agent\Seeing.Agent.csproj]
E:\Projects\CSharp\Seeing.Agent\src\Seeing.Agent\Tools\BuiltIn\FileSystem\ReadTool.cs(37,29): warning CS1591: 缺少对公共可见类型或成员“ReadTool.Category”的 XML 注释 [E:\Projects\CSharp\Seeing.Agent\src\Seeing.Agent\Seeing.Agent.csproj]
E:\Projects\CSharp\Seeing.Agent\src\Seeing.Agent\Tools\BuiltIn\FileSystem\ReadTool.cs(39,37): warning CS1591: 缺少对公共可见类型或成员“ReadTool.ParametersSchema”的 XML 注释 [E:\Projects\CSharp\Seeing.Agent\src\Seeing.Agent\Seeing.Agent.csproj]
E:\Projects\CSharp\Seeing.Agent\src\Seeing.Agent\Tools\BuiltIn\FileSystem\ReadTool.cs(71,48): warning CS1591: 缺少对公共可见类型或成员“ReadTool.ExecuteAsync(JsonElement, ToolContext)”的 XML 注释 [E:\Projects\CSharp\Seeing.Agent\src\Seeing.Agent\Seeing.Agent.csproj]
E:\Projects\CSharp\Seeing.Agent\src\Seeing.Agent\Tools\BuiltIn\FileSystem\WriteTool.cs(28,32): warning CS1591: 缺少对公共可见类型或成员“WriteTool.Id”的 XML 注释 [E:\Projects\CSharp\Seeing.Agent\src\Seeing.Agent\Seeing.Agent.csproj]
E:\Projects\CSharp\Seeing.Agent\src\Seeing.Agent\Tools\BuiltIn\FileSystem\WriteTool.cs(30,32): warning CS1591: 缺少对公共可见类型或成员“WriteTool.Description”的 XML 注释 [E:\Projects\CSharp\Seeing.Agent\src\Seeing.Agent\Seeing.Agent.csproj]
E:\Projects\CSharp\Seeing.Agent\src\Seeing.Agent\Tools\BuiltIn\FileSystem\WriteTool.cs(36,29): warning CS1591: 缺少对公共可见类型或成员“WriteTool.Category”的 XML 注释 [E:\Projects\CSharp\Seeing.Agent\src\Seeing.Agent\Seeing.Agent.csproj]
E:\Projects\CSharp\Seeing.Agent\src\Seeing.Agent\Tools\BuiltIn\FileSystem\WriteTool.cs(38,37): warning CS1591: 缺少对公共可见类型或成员“WriteTool.ParametersSchema”的 XML 注释 [E:\Projects\CSharp\Seeing.Agent\src\Seeing.Agent\Seeing.Agent.csproj]
E:\Projects\CSharp\Seeing.Agent\src\Seeing.Agent\Tools\BuiltIn\FileSystem\WriteTool.cs(64,48): warning CS1591: 缺少对公共可见类型或成员“WriteTool.ExecuteAsync(JsonElement, ToolContext)”的 XML 注释 [E:\Projects\CSharp\Seeing.Agent\src\Seeing.Agent\Seeing.Agent.csproj]
E:\Projects\CSharp\Seeing.Agent\src\Seeing.Agent\Tools\BuiltIn\Shell\BashTool.cs(77,16): warning CS1591: 缺少对公共可见类型或成员“BashTool.BashTool(ILogger<BashTool>, IShellService, IShellEnvironmentService)”的 XML 注释 [E:\Projects\CSharp\Seeing.Agent\src\Seeing.Agent\Seeing.Agent.csproj]
E:\Projects\CSharp\Seeing.Agent\src\Seeing.Agent\Tools\BuiltIn\Shell\ShellService.cs(52,16): warning CS1591: 缺少对公共可见类型或成员“ShellService.ShellService(ILogger<ShellService>)”的 XML 注释 [E:\Projects\CSharp\Seeing.Agent\src\Seeing.Agent\Seeing.Agent.csproj]
E:\Projects\CSharp\Seeing.Agent\src\Seeing.Agent\Tools\Discovery\ReflectedTool.cs(20,23): warning CS1591: 缺少对公共可见类型或成员“ReflectedTool.Id”的 XML 注释 [E:\Projects\CSharp\Seeing.Agent\src\Seeing.Agent\Seeing.Agent.csproj]
E:\Projects\CSharp\Seeing.Agent\src\Seeing.Agent\Tools\Discovery\ReflectedTool.cs(21,23): warning CS1591: 缺少对公共可见类型或成员“ReflectedTool.Description”的 XML 注释 [E:\Projects\CSharp\Seeing.Agent\src\Seeing.Agent\Seeing.Agent.csproj]
E:\Projects\CSharp\Seeing.Agent\src\Seeing.Agent\Tools\Discovery\ReflectedTool.cs(22,28): warning CS1591: 缺少对公共可见类型或成员“ReflectedTool.ParametersSchema”的 XML 注释 [E:\Projects\CSharp\Seeing.Agent\src\Seeing.Agent\Seeing.Agent.csproj]
E:\Projects\CSharp\Seeing.Agent\src\Seeing.Agent\Tools\Discovery\ReflectedTool.cs(24,16): warning CS1591: 缺少对公共可见类型或成员“ReflectedTool.ReflectedTool(DiscoveredTool, ILogger<ReflectedTool>?, IServiceProvider?)”的 XML 注释 [E:\Projects\CSharp\Seeing.Agent\src\Seeing.Agent\Seeing.Agent.csproj]
E:\Projects\CSharp\Seeing.Agent\src\Seeing.Agent\Tools\Discovery\ReflectedTool.cs(34,39): warning CS1591: 缺少对公共可见类型或成员“ReflectedTool.ExecuteAsync(JsonElement, ToolContext)”的 XML 注释 [E:\Projects\CSharp\Seeing.Agent\src\Seeing.Agent\Seeing.Agent.csproj]
E:\Projects\CSharp\Seeing.Agent\src\Seeing.Agent\Tools\SkillTool.cs(25,16): warning CS1591: 缺少对公共可见类型或成员“SkillTool.SkillTool(SkillManager, ILogger<SkillTool>)”的 XML 注释 [E:\Projects\CSharp\Seeing.Agent\src\Seeing.Agent\Seeing.Agent.csproj]
E:\Projects\CSharp\Seeing.Agent\src\Seeing.Agent\Tools\SkillTool.cs(31,23): warning CS1591: 缺少对公共可见类型或成员“SkillTool.Id”的 XML 注释 [E:\Projects\CSharp\Seeing.Agent\src\Seeing.Agent\Seeing.Agent.csproj]
E:\Projects\CSharp\Seeing.Agent\src\Seeing.Agent\Tools\SkillTool.cs(33,23): warning CS1591: 缺少对公共可见类型或成员“SkillTool.Description”的 XML 注释 [E:\Projects\CSharp\Seeing.Agent\src\Seeing.Agent\Seeing.Agent.csproj]
E:\Projects\CSharp\Seeing.Agent\src\Seeing.Agent\Tools\SkillTool.cs(35,29): warning CS1591: 缺少对公共可见类型或成员“SkillTool.Category”的 XML 注释 [E:\Projects\CSharp\Seeing.Agent\src\Seeing.Agent\Seeing.Agent.csproj]
E:\Projects\CSharp\Seeing.Agent\src\Seeing.Agent\Tools\SkillTool.cs(37,28): warning CS1591: 缺少对公共可见类型或成员“SkillTool.ParametersSchema”的 XML 注释 [E:\Projects\CSharp\Seeing.Agent\src\Seeing.Agent\Seeing.Agent.csproj]
E:\Projects\CSharp\Seeing.Agent\src\Seeing.Agent\Tools\SkillTool.cs(103,39): warning CS1591: 缺少对公共可见类型或成员“SkillTool.ExecuteAsync(JsonElement, ToolContext)”的 XML 注释 [E:\Projects\CSharp\Seeing.Agent\src\Seeing.Agent\Seeing.Agent.csproj]
E:\Projects\CSharp\Seeing.Agent\src\Seeing.Agent\Tools\ToolInvoker.cs(52,16): warning CS1591: 缺少对公共可见类型或成员“ToolInvoker.ToolInvoker(ILogger<ToolInvoker>, IHookManager, IServiceProvider?, IToolDecoratorRegistry?)”的 XML 注释 [E:\Projects\CSharp\Seeing.Agent\src\Seeing.Agent\Seeing.Agent.csproj]
CSC : warning CS1668: “LIB 环境变量”中指定的搜索路径“C:\Program Files\Microsoft Visual Studio\2022\Professional\VC\Tools\MSVC\14.43.34808\lib\x64”无效 --“目录不存在” [E:\Projects\CSharp\Seeing.Agent\samples\Seeing.Agent.Tui\Seeing.Agent.Tui.csproj]
CSC : warning CS1668: “LIB 环境变量”中指定的搜索路径“C:\Program Files (x86)\Windows Kits\10\Lib\10.0.20348.0\ucrt\x64”无效 --“目录不存在” [E:\Projects\CSharp\Seeing.Agent\samples\Seeing.Agent.Tui\Seeing.Agent.Tui.csproj]
CSC : warning CS1668: “LIB 环境变量”中指定的搜索路径“C:\Program Files (x86)\Windows Kits\10\Lib\10.0.20348.0\um\x64”无效 --“目录不存在” [E:\Projects\CSharp\Seeing.Agent\samples\Seeing.Agent.Tui\Seeing.Agent.Tui.csproj]
CSC : warning CS1668: “LIB 环境变量”中指定的搜索路径“C:\Program Files\Microsoft Visual Studio\2022\Professional\VC\Tools\MSVC\14.43.34808\lib\x64”无效 --“目录不存在” [E:\Projects\CSharp\Seeing.Agent\tests\Seeing.Agent.Tests\Seeing.Agent.Tests.csproj]
CSC : warning CS1668: “LIB 环境变量”中指定的搜索路径“C:\Program Files (x86)\Windows Kits\10\Lib\10.0.20348.0\ucrt\x64”无效 --“目录不存在” [E:\Projects\CSharp\Seeing.Agent\tests\Seeing.Agent.Tests\Seeing.Agent.Tests.csproj]
CSC : warning CS1668: “LIB 环境变量”中指定的搜索路径“C:\Program Files (x86)\Windows Kits\10\Lib\10.0.20348.0\um\x64”无效 --“目录不存在” [E:\Projects\CSharp\Seeing.Agent\tests\Seeing.Agent.Tests\Seeing.Agent.Tests.csproj]
    198 个警告
    0 个错误

已用时间 00:00:05.70
