============================================================
Seeing.Agent WebUI 自动化测试报告
============================================================
测试时间: 2026-07-10 17:19:18
基础URL: http://localhost:5000

[模块1: 首页]
[模块2: 会话管理]
[模块3: 工具管理]
[模块4: 技能管理]
[模块5: MCP管理]
[模块6: 智能体管理]
[模块7: 模型管理]
[模块8: Gateway]
[模块9: 定时任务]
[模块10: 心跳]
[模块11: 记忆]
[模块12: ACP]
[模块13: 安全]
[模块14: 系统设置]
[模块15: Gateway客户端]

============================================================
测试摘要
============================================================
总测试数: 16
通过: 16
失败: 0
阻塞: 0
通过率: 100.0%